Component: ARM Compiler 5.06 update 1 (build 61) Tool: armlink [4d35a8]

==============================================================================

Section Cross References

    main.o(i.main) refers to rt_cmsis.o(i.osKernelInitialize) for osKernelInitialize
    main.o(i.main) refers to my_headers.o(i.Initialise_LED_and_button) for Initialise_LED_and_button
    main.o(i.main) refers to thread.o(i.Init_Blink_LED_Thread) for Init_Blink_LED_Thread
    main.o(i.main) refers to thread.o(i.Init_Button_Thread) for Init_Button_Thread
    main.o(i.main) refers to rt_cmsis.o(i.osKernelStart) for osKernelStart
    thread.o(i.Blink_LED_Thread) refers to my_headers.o(i.Green_LED) for Green_LED
    thread.o(i.Blink_LED_Thread) refers to my_headers.o(i.Blue_LED) for Blue_LED
    thread.o(i.Blink_LED_Thread) refers to rt_cmsis.o(i.osSignalWait) for osSignalWait
    thread.o(i.Blink_LED_Thread) refers to rt_cmsis.o(i.osSignalSet) for osSignalSet
    thread.o(i.Blink_LED_Thread) refers to rt_cmsis.o(i.osThreadYield) for osThreadYield
    thread.o(i.Blink_LED_Thread) refers to thread.o(.data) for tid_Blink_LED_Thread
    thread.o(i.Button_Thread) refers to my_headers.o(i.Green_LED) for Green_LED
    thread.o(i.Button_Thread) refers to my_headers.o(i.Orange_LED) for Orange_LED
    thread.o(i.Button_Thread) refers to rt_cmsis.o(i.osDelay) for osDelay
    thread.o(i.Button_Thread) refers to my_headers.o(i.Red_LED) for Red_LED
    thread.o(i.Button_Thread) refers to my_headers.o(i.Blue_LED) for Blue_LED
    thread.o(i.Button_Thread) refers to rt_cmsis.o(i.osThreadYield) for osThreadYield
    thread.o(i.Init_Blink_LED_Thread) refers to rt_cmsis.o(i.osThreadCreate) for osThreadCreate
    thread.o(i.Init_Blink_LED_Thread) refers to thread.o(.constdata) for os_thread_def_Blink_LED_Thread
    thread.o(i.Init_Blink_LED_Thread) refers to thread.o(.data) for tid_Blink_LED_Thread
    thread.o(i.Init_Button_Thread) refers to rt_cmsis.o(i.osThreadCreate) for osThreadCreate
    thread.o(i.Init_Button_Thread) refers to thread.o(.constdata) for os_thread_def_Button_Thread
    thread.o(i.Init_Button_Thread) refers to thread.o(.data) for tid_Button_Thread
    thread.o(.constdata) refers to thread.o(i.Blink_LED_Thread) for Blink_LED_Thread
    thread.o(.constdata) refers to thread.o(i.Button_Thread) for Button_Thread
    buttons_f429discovery.o(i.Buttons_GetState) refers to stm32f4xx_hal_gpio.o(i.HAL_GPIO_ReadPin) for HAL_GPIO_ReadPin
    buttons_f429discovery.o(i.Buttons_Initialize) refers to stm32f4xx_hal_gpio.o(i.HAL_GPIO_Init) for HAL_GPIO_Init
    buttons_f429discovery.o(i.Buttons_Uninitialize) refers to stm32f4xx_hal_gpio.o(i.HAL_GPIO_DeInit) for HAL_GPIO_DeInit
    led_f429discovery.o(i.LED_Initialize) refers to stm32f4xx_hal_gpio.o(i.HAL_GPIO_Init) for HAL_GPIO_Init
    led_f429discovery.o(i.LED_Off) refers to stm32f4xx_hal_gpio.o(i.HAL_GPIO_WritePin) for HAL_GPIO_WritePin
    led_f429discovery.o(i.LED_Off) refers to led_f429discovery.o(.constdata) for LED_PIN
    led_f429discovery.o(i.LED_On) refers to stm32f4xx_hal_gpio.o(i.HAL_GPIO_WritePin) for HAL_GPIO_WritePin
    led_f429discovery.o(i.LED_On) refers to led_f429discovery.o(.constdata) for LED_PIN
    led_f429discovery.o(i.LED_SetOut) refers to led_f429discovery.o(i.LED_On) for LED_On
    led_f429discovery.o(i.LED_SetOut) refers to led_f429discovery.o(i.LED_Off) for LED_Off
    led_f429discovery.o(i.LED_Uninitialize) refers to stm32f4xx_hal_gpio.o(i.HAL_GPIO_DeInit) for HAL_GPIO_DeInit
    rtx_conf_cm.o(.emb_text) refers to rt_cmsis.o(i.osKernelInitialize) for osKernelInitialize
    rtx_conf_cm.o(.emb_text) refers to rt_cmsis.o(i.osThreadCreate) for osThreadCreate
    rtx_conf_cm.o(.emb_text) refers to rt_cmsis.o(i.osKernelStart) for osKernelStart
    rtx_conf_cm.o(.emb_text) refers to exit.o(.text) for exit
    rtx_conf_cm.o(.emb_text) refers to rtx_conf_cm.o(.data) for os_thread_def_main
    rtx_conf_cm.o(i.__user_perthread_libspace) refers to rt_task.o(i.rt_tsk_self) for rt_tsk_self
    rtx_conf_cm.o(i.__user_perthread_libspace) refers to rt_cmsis.o(.data) for os_running
    rtx_conf_cm.o(i.__user_perthread_libspace) refers to rtx_conf_cm.o(.bss) for .bss
    rtx_conf_cm.o(i.__user_perthread_libspace) refers to libspace.o(.bss) for __libspace_start
    rtx_conf_cm.o(i._mutex_acquire) refers to rt_cmsis.o(.data) for os_running
    rtx_conf_cm.o(i._mutex_acquire) refers to rt_mutex.o(i.rt_mut_wait) for rt_mut_wait
    rtx_conf_cm.o(i._mutex_initialize) refers to rt_mutex.o(i.rt_mut_init) for rt_mut_init
    rtx_conf_cm.o(i._mutex_initialize) refers to rtx_conf_cm.o(.data) for .data
    rtx_conf_cm.o(i._mutex_initialize) refers to rtx_conf_cm.o(.bss) for .bss
    rtx_conf_cm.o(i._mutex_release) refers to rt_cmsis.o(.data) for os_running
    rtx_conf_cm.o(i._mutex_release) refers to rt_mutex.o(i.rt_mut_release) for rt_mut_release
    rtx_conf_cm.o(.constdata) refers to rt_cmsis.o(i.osTimerThread) for osTimerThread
[...]
    Removing rt_semaphore.o(i.isr_sem_send), (16 bytes).
    Removing rt_semaphore.o(i.rt_sem_delete), (92 bytes).
    Removing rt_semaphore.o(i.rt_sem_init), (12 bytes).
    Removing rt_semaphore.o(i.rt_sem_send), (42 bytes).
    Removing rt_semaphore.o(i.rt_sem_wait), (64 bytes).
    Removing rt_time.o(i.rt_itv_set), (24 bytes).
    Removing rt_time.o(i.rt_itv_wait), (40 bytes).
    Removing rt_time.o(i.rt_time_get), (12 bytes).
    Removing rt_membox.o(i._calloc_box), (30 bytes).

446 unused section(s) (total 32064 bytes) removed from the image.

==============================================================================

Image Symbol Table

    Local Symbols

    Symbol Name                              Value     Ov Type        Size  Object(Section)

    ../clib/angel/boardlib.s                 0x00000000   Number         0  boardinit1.o ABSOLUTE
    ../clib/angel/boardlib.s                 0x00000000   Number         0  boardshut.o ABSOLUTE
    ../clib/angel/boardlib.s                 0x00000000   Number         0  boardinit2.o ABSOLUTE
    ../clib/angel/handlers.s                 0x00000000   Number         0  __scatter_copy.o ABSOLUTE
    ../clib/angel/handlers.s                 0x00000000   Number         0  __scatter_zi.o ABSOLUTE
    ../clib/angel/kernel.s                   0x00000000   Number         0  rtexit.o ABSOLUTE
    ../clib/angel/kernel.s                   0x00000000   Number         0  __rtentry.o ABSOLUTE
    ../clib/angel/kernel.s                   0x00000000   Number         0  rtexit2.o ABSOLUTE
    ../clib/angel/kernel.s                   0x00000000   Number         0  __rtentry4.o ABSOLUTE
    ../clib/angel/kernel.s                   0x00000000   Number         0  __rtentry2.o ABSOLUTE
    ../clib/angel/rt.s                       0x00000000   Number         0  rt_raise.o ABSOLUTE
    ../clib/angel/rt.s                       0x00000000   Number         0  aeabi_ldiv0_sigfpe.o ABSOLUTE
    ../clib/angel/rt.s                       0x00000000   Number         0  rt_div0.o ABSOLUTE
    ../clib/angel/rt.s                       0x00000000   Number         0  aeabi_ldiv0.o ABSOLUTE
    ../clib/angel/scatter.s                  0x00000000   Number         0  __scatter.o ABSOLUTE
    ../clib/angel/startup.s                  0x00000000   Number         0  __main.o ABSOLUTE
    ../clib/angel/sys.s                      0x00000000   Number         0  indicate_semi.o ABSOLUTE
    ../clib/angel/sys.s                      0x00000000   Number         0  use_no_semi.o ABSOLUTE
    ../clib/angel/sys.s                      0x00000000   Number         0  libspace.o ABSOLUTE
    ../clib/angel/sys.s                      0x00000000   Number         0  sys_stackheap_outer.o ABSOLUTE
    ../clib/angel/sysapp.c                   0x00000000   Number         0  sys_command.o ABSOLUTE
    ../clib/angel/sysapp.c                   0x00000000   Number         0  sys_exit.o ABSOLUTE
    ../clib/angel/sysapp.c                   0x00000000   Number         0  sys_wrch.o ABSOLUTE
    ../clib/armsys.c                         0x00000000   Number         0  _get_argv_nomalloc.o ABSOLUTE
    ../clib/armsys.c                         0x00000000   Number         0  no_argv.o ABSOLUTE
    ../clib/armsys.c                         0x00000000   Number         0  argv_veneer.o ABSOLUTE
    ../clib/armsys.c                         0x00000000   Number         0  argv_veneer.o ABSOLUTE
    ../clib/heapalloc.c                      0x00000000   Number         0  hrguard.o ABSOLUTE
    ../clib/heapaux.c                        0x00000000   Number         0  heapauxi.o ABSOLUTE
    ../clib/libinit.s                        0x00000000   Number         0  libshutdown2.o ABSOLUTE
    ../clib/libinit.s                        0x00000000   Number         0  libinit2.o ABSOLUTE
    ../clib/libinit.s                        0x00000000   Number         0  libinit.o ABSOLUTE
    ../clib/libinit.s                        0x00000000   Number         0  libshutdown.o ABSOLUTE
    ../clib/longlong.s                       0x00000000   Number         0  lludivv7m.o ABSOLUTE
    ../clib/signal.c                         0x00000000   Number         0  __raise.o ABSOLUTE
    ../clib/signal.c                         0x00000000   Number         0  defsig_general.o ABSOLUTE
    ../clib/signal.c                         0x00000000   Number         0  defsig_fpe_formal.o ABSOLUTE
    ../clib/signal.c                         0x00000000   Number         0  defsig_fpe_outer.o ABSOLUTE
    ../clib/signal.c                         0x00000000   Number         0  defsig_fpe_inner.o ABSOLUTE
    ../clib/signal.c                         0x00000000   Number         0  defsig_exit.o ABSOLUTE
    ../clib/signal.c                         0x00000000   Number         0  defsig_abrt_inner.o ABSOLUTE
    ../clib/signal.c                         0x00000000   Number         0  defsig_rtred_inner.o ABSOLUTE
    ../clib/signal.c                         0x00000000   Number         0  defsig_rtmem_inner.o ABSOLUTE
    ../clib/signal.c                         0x00000000   Number         0  defsig_rtmem_outer.o ABSOLUTE
    ../clib/signal.c                         0x00000000   Number         0  defsig_stak_inner.o ABSOLUTE
    ../clib/signal.c                         0x00000000   Number         0  defsig_pvfn_inner.o ABSOLUTE
    ../clib/signal.c                         0x00000000   Number         0  defsig_cppl_inner.o ABSOLUTE
    ../clib/signal.c                         0x00000000   Number         0  defsig_segv_inner.o ABSOLUTE
    ../clib/signal.c                         0x00000000   Number         0  defsig_other.o ABSOLUTE
    ../clib/signal.c                         0x00000000   Number         0  defsig_rtmem_formal.o ABSOLUTE
    ../clib/signal.s                         0x00000000   Number         0  defsig.o ABSOLUTE
    ../clib/stdlib.c                         0x00000000   Number         0  exit.o ABSOLUTE
    ../fplib/fpinit.s                        0x00000000   Number         0  fpinit.o ABSOLUTE
    ..\HAL_CM.c                              0x00000000   Number         0  hal_cm.o ABSOLUTE
    ..\\rt_CMSIS.c                           0x00000000   Number         0  rt_cmsis.o ABSOLUTE
    ..\\rt_System.c                          0x00000000   Number         0  rt_system.o ABSOLUTE
    ..\rt_CMSIS.c                            0x00000000   Number         0  rt_cmsis.o ABSOLUTE
    ..\rt_Event.c                            0x00000000   Number         0  rt_event.o ABSOLUTE
    ..\rt_List.c                             0x00000000   Number         0  rt_list.o ABSOLUTE
    ..\rt_Mailbox.c                          0x00000000   Number         0  rt_mailbox.o ABSOLUTE
    ..\rt_MemBox.c                           0x00000000   Number         0  rt_membox.o ABSOLUTE
    ..\rt_Memory.c                           0x00000000   Number         0  rt_memory.o ABSOLUTE
    ..\rt_Mutex.c                            0x00000000   Number         0  rt_mutex.o ABSOLUTE
    ..\rt_Robin.c                            0x00000000   Number         0  rt_robin.o ABSOLUTE
    ..\rt_Semaphore.c                        0x00000000   Number         0  rt_semaphore.o ABSOLUTE
    ..\rt_System.c                           0x00000000   Number         0  rt_system.o ABSOLUTE
    ..\rt_Task.c                             0x00000000   Number         0  rt_task.o ABSOLUTE
    ..\rt_Time.c                             0x00000000   Number         0  rt_time.o ABSOLUTE
    C:\KEIL_V5\ARM\PACK\Keil\STM32F4xx_DFP\2.6.0\Drivers\STM32F4xx_HAL_Driver\Src\stm32f4xx_hal.c 0x00000000   Number         0  stm32f4xx_hal.o ABSOLUTE
    C:\KEIL_V5\ARM\PACK\Keil\STM32F4xx_DFP\2.6.0\Drivers\STM32F4xx_HAL_Driver\Src\stm32f4xx_hal_cortex.c 0x00000000   Number         0  stm32f4xx_hal_cortex.o ABSOLUTE
    C:\KEIL_V5\ARM\PACK\Keil\STM32F4xx_DFP\2.6.0\Drivers\STM32F4xx_HAL_Driver\Src\stm32f4xx_hal_dma.c 0x00000000   Number         0  stm32f4xx_hal_dma.o ABSOLUTE
    C:\KEIL_V5\ARM\PACK\Keil\STM32F4xx_DFP\2.6.0\Drivers\STM32F4xx_HAL_Driver\Src\stm32f4xx_hal_dma_ex.c 0x00000000   Number         0  stm32f4xx_hal_dma_ex.o ABSOLUTE
    C:\KEIL_V5\ARM\PACK\Keil\STM32F4xx_DFP\2.6.0\Drivers\STM32F4xx_HAL_Driver\Src\stm32f4xx_hal_gpio.c 0x00000000   Number         0  stm32f4xx_hal_gpio.o ABSOLUTE
    C:\KEIL_V5\ARM\PACK\Keil\STM32F4xx_DFP\2.6.0\Drivers\STM32F4xx_HAL_Driver\Src\stm32f4xx_hal_pwr.c 0x00000000   Number         0  stm32f4xx_hal_pwr.o ABSOLUTE
    C:\KEIL_V5\ARM\PACK\Keil\STM32F4xx_DFP\2.6.0\Drivers\STM32F4xx_HAL_Driver\Src\stm32f4xx_hal_pwr_ex.c 0x00000000   Number         0  stm32f4xx_hal_pwr_ex.o ABSOLUTE
    C:\KEIL_V5\ARM\PACK\Keil\STM32F4xx_DFP\2.6.0\Drivers\STM32F4xx_HAL_Driver\Src\stm32f4xx_hal_rcc.c 0x00000000   Number         0  stm32f4xx_hal_rcc.o ABSOLUTE
    C:\KEIL_V5\ARM\PACK\Keil\STM32F4xx_DFP\2.6.0\Drivers\STM32F4xx_HAL_Driver\Src\stm32f4xx_hal_rcc_ex.c 0x00000000   Number         0  stm32f4xx_hal_rcc_ex.o ABSOLUTE
    C:\KEIL_V5\ARM\PACK\Keil\STM32F4xx_DFP\2.6.0\Drivers\STM32F4xx_HAL_Driver\Src\stm32f4xx_hal_spi.c 0x00000000   Number         0  stm32f4xx_hal_spi.o ABSOLUTE
    C:\KEIL_V5\ARM\PACK\Keil\STM32F4xx_DFP\2.6.0\Drivers\STM32F4xx_HAL_Driver\Src\stm32f4xx_hal_tim.c 0x00000000   Number         0  stm32f4xx_hal_tim.o ABSOLUTE
    C:\KEIL_V5\ARM\PACK\Keil\STM32F4xx_DFP\2.6.0\Drivers\STM32F4xx_HAL_Driver\Src\stm32f4xx_hal_tim_ex.c 0x00000000   Number         0  stm32f4xx_hal_tim_ex.o ABSOLUTE
    C:\KEIL_V5\ARM\PACK\Keil\STM32F4xx_DFP\2.6.0\MDK\Boards\ST\STM32F429I-Discovery\Common\Buttons_F429Discovery.c 0x00000000   Number         0  buttons_f429discovery.o ABSOLUTE
    C:\KEIL_V5\ARM\PACK\Keil\STM32F4xx_DFP\2.6.0\MDK\Boards\ST\STM32F429I-Discovery\Common\LED_F429Discovery.c 0x00000000   Number         0  led_f429discovery.o ABSOLUTE
    C:\\KEIL_V5\\ARM\\PACK\\Keil\\STM32F4xx_DFP\\2.6.0\\Drivers\\STM32F4xx_HAL_Driver\\Src\\stm32f4xx_hal.c 0x00000000   Number         0  stm32f4xx_hal.o ABSOLUTE
    C:\\KEIL_V5\\ARM\\PACK\\Keil\\STM32F4xx_DFP\\2.6.0\\Drivers\\STM32F4xx_HAL_Driver\\Src\\stm32f4xx_hal_cortex.c 0x00000000   Number         0  stm32f4xx_hal_cortex.o ABSOLUTE
    C:\\KEIL_V5\\ARM\\PACK\\Keil\\STM32F4xx_DFP\\2.6.0\\Drivers\\STM32F4xx_HAL_Driver\\Src\\stm32f4xx_hal_dma.c 0x00000000   Number         0  stm32f4xx_hal_dma.o ABSOLUTE
    C:\\KEIL_V5\\ARM\\PACK\\Keil\\STM32F4xx_DFP\\2.6.0\\Drivers\\STM32F4xx_HAL_Driver\\Src\\stm32f4xx_hal_dma_ex.c 0x00000000   Number         0  stm32f4xx_hal_dma_ex.o ABSOLUTE
    C:\\KEIL_V5\\ARM\\PACK\\Keil\\STM32F4xx_DFP\\2.6.0\\Drivers\\STM32F4xx_HAL_Driver\\Src\\stm32f4xx_hal_gpio.c 0x00000000   Number         0  stm32f4xx_hal_gpio.o ABSOLUTE
    C:\\KEIL_V5\\ARM\\PACK\\Keil\\STM32F4xx_DFP\\2.6.0\\Drivers\\STM32F4xx_HAL_Driver\\Src\\stm32f4xx_hal_pwr.c 0x00000000   Number         0  stm32f4xx_hal_pwr.o ABSOLUTE
    C:\\KEIL_V5\\ARM\\PACK\\Keil\\STM32F4xx_DFP\\2.6.0\\Drivers\\STM32F4xx_HAL_Driver\\Src\\stm32f4xx_hal_pwr_ex.c 0x00000000   Number         0  stm32f4xx_hal_pwr_ex.o ABSOLUTE
    C:\\KEIL_V5\\ARM\\PACK\\Keil\\STM32F4xx_DFP\\2.6.0\\Drivers\\STM32F4xx_HAL_Driver\\Src\\stm32f4xx_hal_rcc.c 0x00000000   Number         0  stm32f4xx_hal_rcc.o ABSOLUTE
    C:\\KEIL_V5\\ARM\\PACK\\Keil\\STM32F4xx_DFP\\2.6.0\\Drivers\\STM32F4xx_HAL_Driver\\Src\\stm32f4xx_hal_rcc_ex.c 0x00000000   Number         0  stm32f4xx_hal_rcc_ex.o ABSOLUTE
    C:\\KEIL_V5\\ARM\\PACK\\Keil\\STM32F4xx_DFP\\2.6.0\\Drivers\\STM32F4xx_HAL_Driver\\Src\\stm32f4xx_hal_spi.c 0x00000000   Number         0  stm32f4xx_hal_spi.o ABSOLUTE
    C:\\KEIL_V5\\ARM\\PACK\\Keil\\STM32F4xx_DFP\\2.6.0\\Drivers\\STM32F4xx_HAL_Driver\\Src\\stm32f4xx_hal_tim.c 0x00000000   Number         0  stm32f4xx_hal_tim.o ABSOLUTE
    C:\\KEIL_V5\\ARM\\PACK\\Keil\\STM32F4xx_DFP\\2.6.0\\Drivers\\STM32F4xx_HAL_Driver\\Src\\stm32f4xx_hal_tim_ex.c 0x00000000   Number         0  stm32f4xx_hal_tim_ex.o ABSOLUTE
    C:\\KEIL_V5\\ARM\\PACK\\Keil\\STM32F4xx_DFP\\2.6.0\\MDK\\Boards\\ST\\STM32F429I-Discovery\\Common\\Buttons_F429Discovery.c 0x00000000   Number         0  buttons_f429discovery.o ABSOLUTE
    C:\\KEIL_V5\\ARM\\PACK\\Keil\\STM32F4xx_DFP\\2.6.0\\MDK\\Boards\\ST\\STM32F429I-Discovery\\Common\\LED_F429Discovery.c 0x00000000   Number         0  led_f429discovery.o ABSOLUTE
    HAL_CM4.c                                0x00000000   Number         0  hal_cm4.o ABSOLUTE
    HAL_CM4.c                                0x00000000   Number         0  hal_cm4.o ABSOLUTE
    RTE\CMSIS\RTX_Conf_CM.c                  0x00000000   Number         0  rtx_conf_cm.o ABSOLUTE
    RTE\Device\STM32F407VGTx\startup_stm32f407xx.s 0x00000000   Number         0  startup_stm32f407xx.o ABSOLUTE
    RTE\Device\STM32F407VGTx\system_stm32f4xx.c 0x00000000   Number         0  system_stm32f4xx.o ABSOLUTE
    RTE\\CMSIS\\RTX_Conf_CM.c                0x00000000   Number         0  rtx_conf_cm.o ABSOLUTE
    RTE\\Device\\STM32F407VGTx\\system_stm32f4xx.c 0x00000000   Number         0  system_stm32f4xx.o ABSOLUTE
    SVC_Table.s                              0x00000000   Number         0  svc_table.o ABSOLUTE
    Thread.c                                 0x00000000   Number         0  thread.o ABSOLUTE
    Thread.c                                 0x00000000   Number         0  thread.o ABSOLUTE
    dc.s                                     0x00000000   Number         0  dc.o ABSOLUTE
    main.c                                   0x00000000   Number         0  main.o ABSOLUTE
    main.c                                   0x00000000   Number         0  main.o ABSOLUTE
    my_headers.c                             0x00000000   Number         0  my_headers.o ABSOLUTE
    my_headers.c                             0x00000000   Number         0  my_headers.o ABSOLUTE
    RESET                                    0x08000000   Section      392  startup_stm32f407xx.o(RESET)
    !!!main                                  0x08000188   Section        8  __main.o(!!!main)
    !!!scatter                               0x08000190   Section       52  __scatter.o(!!!scatter)
    !!handler_copy                           0x080001c4   Section       26  __scatter_copy.o(!!handler_copy)
    !!handler_zi                             0x080001e0   Section       28  __scatter_zi.o(!!handler_zi)
    .ARM.Collect$$libinit$$00000000          0x080001fc   Section        2  libinit.o(.ARM.Collect$$libinit$$00000000)
    .ARM.Collect$$libinit$$00000001          0x080001fe   Section        4  libinit2.o(.ARM.Collect$$libinit$$00000001)
    .ARM.Collect$$libinit$$00000004          0x08000202   Section        0  libinit2.o(.ARM.Collect$$libinit$$00000004)
    .ARM.Collect$$libinit$$0000000A          0x08000202   Section        0  libinit2.o(.ARM.Collect$$libinit$$0000000A)
    .ARM.Collect$$libinit$$0000000C          0x08000202   Section        0  libinit2.o(.ARM.Collect$$libinit$$0000000C)
    .ARM.Collect$$libinit$$0000000E          0x08000202   Section        0  libinit2.o(.ARM.Collect$$libinit$$0000000E)
    .ARM.Collect$$libinit$$00000011          0x08000202   Section        0  libinit2.o(.ARM.Collect$$libinit$$00000011)
    .ARM.Collect$$libinit$$00000013          0x08000202   Section        0  libinit2.o(.ARM.Collect$$libinit$$00000013)
    .ARM.Collect$$libinit$$00000015          0x08000202   Section        0  libinit2.o(.ARM.Collect$$libinit$$00000015)
    .ARM.Collect$$libinit$$00000017          0x08000202   Section        0  libinit2.o(.ARM.Collect$$libinit$$00000017)
    .ARM.Collect$$libinit$$00000019          0x08000202   Section        0  libinit2.o(.ARM.Collect$$libinit$$00000019)
    .ARM.Collect$$libinit$$0000001B          0x08000202   Section        0  libinit2.o(.ARM.Collect$$libinit$$0000001B)
    .ARM.Collect$$libinit$$0000001D          0x08000202   Section        0  libinit2.o(.ARM.Collect$$libinit$$0000001D)
    .ARM.Collect$$libinit$$0000001F          0x08000202   Section        0  libinit2.o(.ARM.Collect$$libinit$$0000001F)
    .ARM.Collect$$libinit$$00000021          0x08000202   Section        0  libinit2.o(.ARM.Collect$$libinit$$00000021)
    .ARM.Collect$$libinit$$00000023          0x08000202   Section        0  libinit2.o(.ARM.Collect$$libinit$$00000023)
    .ARM.Collect$$libinit$$00000025          0x08000202   Section        0  libinit2.o(.ARM.Collect$$libinit$$00000025)
    .ARM.Collect$$libinit$$0000002C          0x08000202   Section        0  libinit2.o(.ARM.Collect$$libinit$$0000002C)
    .ARM.Collect$$libinit$$0000002E          0x08000202   Section        0  libinit2.o(.ARM.Collect$$libinit$$0000002E)
    .ARM.Collect$$libinit$$00000030          0x08000202   Section        0  libinit2.o(.ARM.Collect$$libinit$$00000030)
    .ARM.Collect$$libinit$$00000032          0x08000202   Section        0  libinit2.o(.ARM.Collect$$libinit$$00000032)
    .ARM.Collect$$libinit$$00000033          0x08000202   Section        2  libinit2.o(.ARM.Collect$$libinit$$00000033)
    .ARM.Collect$$libshutdown$$00000000      0x08000204   Section        2  libshutdown.o(.ARM.Collect$$libshutdown$$00000000)
    .ARM.Collect$$libshutdown$$00000002      0x08000206   Section        0  libshutdown2.o(.ARM.Collect$$libshutdown$$00000002)
    .ARM.Collect$$libshutdown$$00000004      0x08000206   Section        0  libshutdown2.o(.ARM.Collect$$libshutdown$$00000004)
    .ARM.Collect$$libshutdown$$00000007      0x08000206   Section        0  libshutdown2.o(.ARM.Collect$$libshutdown$$00000007)
    .ARM.Collect$$libshutdown$$0000000A      0x08000206   Section        0  libshutdown2.o(.ARM.Collect$$libshutdown$$0000000A)
    .ARM.Collect$$libshutdown$$0000000C      0x08000206   Section        0  libshutdown2.o(.ARM.Collect$$libshutdown$$0000000C)
    .ARM.Collect$$libshutdown$$0000000F      0x08000206   Section        0  libshutdown2.o(.ARM.Collect$$libshutdown$$0000000F)
    .ARM.Collect$$libshutdown$$00000010      0x08000206   Section        2  libshutdown2.o(.ARM.Collect$$libshutdown$$00000010)
    .ARM.Collect$$rtentry$$00000000          0x08000208   Section        0  __rtentry.o(.ARM.Collect$$rtentry$$00000000)
    .ARM.Collect$$rtentry$$00000002          0x08000208   Section        0  __rtentry2.o(.ARM.Collect$$rtentry$$00000002)
    .ARM.Collect$$rtentry$$00000004          0x08000208   Section        6  __rtentry4.o(.ARM.Collect$$rtentry$$00000004)
    .ARM.Collect$$rtentry$$00000009          0x0800020e   Section        0  __rtentry2.o(.ARM.Collect$$rtentry$$00000009)
    .ARM.Collect$$rtentry$$0000000A          0x0800020e   Section        4  __rtentry2.o(.ARM.Collect$$rtentry$$0000000A)
    .ARM.Collect$$rtentry$$0000000B          0x08000212   Section        8  __rtentry2.o(.ARM.Collect$$rtentry$$0000000B)
    .ARM.Collect$$rtentry$$0000000D          0x0800021a   Section        8  __rtentry2.o(.ARM.Collect$$rtentry$$0000000D)
    .ARM.Collect$$rtexit$$00000000           0x08000222   Section        2  rtexit.o(.ARM.Collect$$rtexit$$00000000)
    .ARM.Collect$$rtexit$$00000002           0x08000224   Section        0  rtexit2.o(.ARM.Collect$$rtexit$$00000002)
    .ARM.Collect$$rtexit$$00000003           0x08000224   Section        4  rtexit2.o(.ARM.Collect$$rtexit$$00000003)
    .ARM.Collect$$rtexit$$00000004           0x08000228   Section        6  rtexit2.o(.ARM.Collect$$rtexit$$00000004)
    .emb_text                                0x08000230   Section       28  rtx_conf_cm.o(.emb_text)
    $v0                                      0x08000230   Number         0  rtx_conf_cm.o(.emb_text)
    .emb_text                                0x0800024c   Section      408  hal_cm4.o(.emb_text)
    $v0                                      0x0800024c   Number         0  hal_cm4.o(.emb_text)
    .text                                    0x080003e4   Section       64  startup_stm32f407xx.o(.text)
    $v0                                      0x080003e4   Number         0  startup_stm32f407xx.o(.text)
    .text                                    0x08000424   Section        8  libspace.o(.text)
    .text                                    0x0800042c   Section        0  exit.o(.text)
    .text                                    0x0800043e   Section        0  heapauxi.o(.text)
    .text                                    0x08000444   Section        0  sys_exit.o(.text)
    .text                                    0x08000450   Section       74  sys_stackheap_outer.o(.text)
    .text                                    0x0800049a   Section        2  use_no_semi.o(.text)
    .text                                    0x0800049c   Section        0  indicate_semi.o(.text)
    SVC_TABLE                                0x0800049c   Section        4  svc_table.o(SVC_TABLE)
    i.Blink_LED_Thread                       0x080004a0   Section        0  thread.o(i.Blink_LED_Thread)
    i.Blue_LED                               0x080004f8   Section        0  my_headers.o(i.Blue_LED)
    i.Button_Thread                          0x08000514   Section        0  thread.o(i.Button_Thread)
    i.Green_LED                              0x080006a0   Section        0  my_headers.o(i.Green_LED)
    i.Init_Blink_LED_Thread                  0x080006bc   Section        0  thread.o(i.Init_Blink_LED_Thread)
    i.Init_Button_Thread                     0x080006e4   Section        0  thread.o(i.Init_Button_Thread)
    i.Initialise_LED_and_button              0x0800070c   Section        0  my_headers.o(i.Initialise_LED_and_button)
    i.Orange_LED                             0x080007cc   Section        0  my_headers.o(i.Orange_LED)
    i.Red_LED                                0x080007e8   Section        0  my_headers.o(i.Red_LED)
    i.SystemInit                             0x08000804   Section        0  system_stm32f4xx.o(i.SystemInit)
    i._init_box                              0x08000958   Section        0  rt_membox.o(i._init_box)
    i._mutex_acquire                         0x080009a0   Section        0  rtx_conf_cm.o(i._mutex_acquire)
    __tagsym$$used                           0x080009a1   Number         0  rtx_conf_cm.o(i._mutex_acquire)
    i._mutex_release                         0x080009c0   Section        0  rtx_conf_cm.o(i._mutex_release)
    __tagsym$$used                           0x080009c1   Number         0  rtx_conf_cm.o(i._mutex_release)
    i.dbg_init                               0x080009dc   Section        0  hal_cm.o(i.dbg_init)
    i.dbg_task_notify                        0x08000a0c   Section        0  hal_cm.o(i.dbg_task_notify)
    i.dbg_task_switch                        0x08000a2c   Section        0  hal_cm.o(i.dbg_task_switch)
    i.isrMessageGet                          0x08000a3c   Section        0  rt_cmsis.o(i.isrMessageGet)
    i.isrMessagePut                          0x08000a66   Section        0  rt_cmsis.o(i.isrMessagePut)
    i.isrSignalSet                           0x08000a92   Section        0  rt_cmsis.o(i.isrSignalSet)
    i.isr_evt_set                            0x08000ab8   Section        0  rt_event.o(i.isr_evt_set)
    i.isr_mbx_receive                        0x08000ae0   Section        0  rt_mailbox.o(i.isr_mbx_receive)
    i.isr_mbx_send                           0x08000b32   Section        0  rt_mailbox.o(i.isr_mbx_send)
    i.main                                   0x08000b40   Section        0  main.o(i.main)
    i.osDelay                                0x08000b58   Section        0  rt_cmsis.o(i.osDelay)
    i.osKernelInitialize                     0x08000b70   Section        0  rt_cmsis.o(i.osKernelInitialize)
    i.osKernelStart                          0x08000b94   Section        0  rt_cmsis.o(i.osKernelStart)
    i.osMessageGet                           0x08000c00   Section        0  rt_cmsis.o(i.osMessageGet)
    i.osSignalSet                            0x08000c18   Section        0  rt_cmsis.o(i.osSignalSet)
    i.osSignalWait                           0x08000c30   Section        0  rt_cmsis.o(i.osSignalWait)
    i.osThreadCreate                         0x08000c48   Section        0  rt_cmsis.o(i.osThreadCreate)
    i.osThreadExit                           0x08000c78   Section        0  rt_cmsis.o(i.osThreadExit)
    i.osThreadYield                          0x08000c90   Section        0  rt_cmsis.o(i.osThreadYield)
    i.osTimerCall                            0x08000ca8   Section        0  rt_cmsis.o(i.osTimerCall)
    i.osTimerThread                          0x08000cb4   Section        0  rt_cmsis.o(i.osTimerThread)
    i.os_error                               0x08000ce0   Section        0  rtx_conf_cm.o(i.os_error)
    i.os_idle_demon                          0x08000d02   Section        0  rtx_conf_cm.o(i.os_idle_demon)
    i.os_tick_init                           0x08000d08   Section        0  rt_system.o(i.os_tick_init)
    i.os_tick_irqack                         0x08000d30   Section        0  rt_system.o(i.os_tick_irqack)
    i.rt_alloc_box                           0x08000d32   Section        0  rt_membox.o(i.rt_alloc_box)
    i.rt_alloc_mem                           0x08000d4c   Section        0  rt_memory.o(i.rt_alloc_mem)
    i.rt_block                               0x08000d8c   Section        0  rt_task.o(i.rt_block)
    i.rt_chk_robin                           0x08000dc4   Section        0  rt_robin.o(i.rt_chk_robin)
    i.rt_dec_dly                             0x08000e0c   Section        0  rt_list.o(i.rt_dec_dly)
    i.rt_dispatch                            0x08000e7c   Section        0  rt_task.o(i.rt_dispatch)
    i.rt_dly_wait                            0x08000ec0   Section        0  rt_time.o(i.rt_dly_wait)
    i.rt_evt_psh                             0x08000ec8   Section        0  rt_event.o(i.rt_evt_psh)
    i.rt_evt_set                             0x08000f18   Section        0  rt_event.o(i.rt_evt_set)
    i.rt_evt_wait                            0x08000f74   Section        0  rt_event.o(i.rt_evt_wait)
    i.rt_free_box                            0x08000fb0   Section        0  rt_membox.o(i.rt_free_box)
    i.rt_free_mem                            0x08000fdc   Section        0  rt_memory.o(i.rt_free_mem)
    i.rt_get_first                           0x08001004   Section        0  rt_list.o(i.rt_get_first)
    i.rt_get_same_rdy_prio                   0x0800102c   Section        0  rt_list.o(i.rt_get_same_rdy_prio)
    i.rt_id2obj                              0x08001050   Section        0  rt_cmsis.o(i.rt_id2obj)
    rt_id2obj                                0x08001051   Thumb Code     8  rt_cmsis.o(i.rt_id2obj)
    i.rt_init_context                        0x08001058   Section        0  rt_task.o(i.rt_init_context)
    rt_init_context                          0x08001059   Thumb Code    66  rt_task.o(i.rt_init_context)
    i.rt_init_mem                            0x080010a0   Section        0  rt_memory.o(i.rt_init_mem)
    i.rt_init_robin                          0x080010bc   Section        0  rt_robin.o(i.rt_init_robin)
    i.rt_init_stack                          0x080010d4   Section        0  hal_cm.o(i.rt_init_stack)
    i.rt_mbx_check                           0x08001154   Section        0  rt_mailbox.o(i.rt_mbx_check)
    i.rt_mbx_init                            0x0800115c   Section        0  rt_mailbox.o(i.rt_mbx_init)
    i.rt_mbx_psh                             0x08001178   Section        0  rt_mailbox.o(i.rt_mbx_psh)
    i.rt_mbx_wait                            0x08001268   Section        0  rt_mailbox.o(i.rt_mbx_wait)
    i.rt_ms2tick                             0x0800131c   Section        0  rt_cmsis.o(i.rt_ms2tick)
    rt_ms2tick                               0x0800131d   Thumb Code    58  rt_cmsis.o(i.rt_ms2tick)
    i.rt_mut_release                         0x08001360   Section        0  rt_mutex.o(i.rt_mut_release)
    i.rt_mut_wait                            0x08001438   Section        0  rt_mutex.o(i.rt_mut_wait)
    i.rt_pop_req                             0x080014a0   Section        0  rt_system.o(i.rt_pop_req)
    i.rt_psh_req                             0x0800151c   Section        0  rt_system.o(i.rt_psh_req)
    i.rt_psq_enq                             0x0800153c   Section        0  rt_list.o(i.rt_psq_enq)
    i.rt_put_dly                             0x08001598   Section        0  rt_list.o(i.rt_put_dly)
    i.rt_put_prio                            0x080015e0   Section        0  rt_list.o(i.rt_put_prio)
    i.rt_put_rdy_first                       0x08001618   Section        0  rt_list.o(i.rt_put_rdy_first)
    i.rt_resort_prio                         0x0800162c   Section        0  rt_list.o(i.rt_resort_prio)
    i.rt_ret_regs                            0x08001660   Section        0  hal_cm.o(i.rt_ret_regs)
    rt_ret_regs                              0x08001661   Thumb Code    16  hal_cm.o(i.rt_ret_regs)
    i.rt_ret_val                             0x08001670   Section        0  hal_cm.o(i.rt_ret_val)
    i.rt_ret_val2                            0x0800167c   Section        0  hal_cm.o(i.rt_ret_val2)
    i.rt_rmv_dly                             0x0800168c   Section        0  rt_list.o(i.rt_rmv_dly)
    i.rt_rmv_list                            0x080016b4   Section        0  rt_list.o(i.rt_rmv_list)
    i.rt_sem_psh                             0x080016e4   Section        0  rt_semaphore.o(i.rt_sem_psh)
    i.rt_stk_check                           0x08001718   Section        0  rt_system.o(i.rt_stk_check)
    i.rt_switch_req                          0x0800173c   Section        0  rt_task.o(i.rt_switch_req)
    i.rt_sys_init                            0x08001764   Section        0  rt_task.o(i.rt_sys_init)
    i.rt_sys_start                           0x08001830   Section        0  rt_task.o(i.rt_sys_start)
    i.rt_systick                             0x080018a8   Section        0  rt_system.o(i.rt_systick)
    i.rt_tid2ptcb                            0x080018e8   Section        0  rt_cmsis.o(i.rt_tid2ptcb)
    rt_tid2ptcb                              0x080018e9   Thumb Code    18  rt_cmsis.o(i.rt_tid2ptcb)
    i.rt_timer_insert                        0x080018fc   Section        0  rt_cmsis.o(i.rt_timer_insert)
    rt_timer_insert                          0x080018fd   Thumb Code    48  rt_cmsis.o(i.rt_timer_insert)
    i.rt_tsk_create                          0x08001930   Section        0  rt_task.o(i.rt_tsk_create)
    i.rt_tsk_delete                          0x080019b8   Section        0  rt_task.o(i.rt_tsk_delete)
    i.rt_tsk_pass                            0x08001b34   Section        0  rt_task.o(i.rt_tsk_pass)
    i.rt_tsk_prio                            0x08001b64   Section        0  rt_task.o(i.rt_tsk_prio)
    i.rt_tsk_self                            0x08001be0   Section        0  rt_task.o(i.rt_tsk_self)
    i.svcDelay                               0x08001bf0   Section        0  rt_cmsis.o(i.svcDelay)
    i.svcKernelInitialize                    0x08001c04   Section        0  rt_cmsis.o(i.svcKernelInitialize)
    i.svcKernelStart                         0x08001c74   Section        0  rt_cmsis.o(i.svcKernelStart)
    i.svcMessageCreate                       0x08001cbc   Section        0  rt_cmsis.o(i.svcMessageCreate)
    i.svcMessageGet                          0x08001ce0   Section        0  rt_cmsis.o(i.svcMessageGet)
    i.svcSignalSet                           0x08001d1a   Section        0  rt_cmsis.o(i.svcSignalSet)
    i.svcSignalWait                          0x08001d40   Section        0  rt_cmsis.o(i.svcSignalWait)
    i.svcThreadCreate                        0x08001d94   Section        0  rt_cmsis.o(i.svcThreadCreate)
    i.svcThreadGetId                         0x08001e04   Section        0  rt_cmsis.o(i.svcThreadGetId)
    i.svcThreadTerminate                     0x08001e20   Section        0  rt_cmsis.o(i.svcThreadTerminate)
    i.svcThreadYield                         0x08001e58   Section        0  rt_cmsis.o(i.svcThreadYield)
    i.svcTimerCall                           0x08001e62   Section        0  rt_cmsis.o(i.svcTimerCall)
    i.sysTimerTick                           0x08001e7c   Section        0  rt_cmsis.o(i.sysTimerTick)
    x$fpl$fpinit                             0x08001ed8   Section       10  fpinit.o(x$fpl$fpinit)
    $v0                                      0x08001ed8   Number         0  fpinit.o(x$fpl$fpinit)
    .constdata                               0x08001ee4   Section       32  thread.o(.constdata)
    .constdata                               0x08001f04   Section       86  rtx_conf_cm.o(.constdata)
    __tagsym$$used                           0x08001f20   Number         0  rtx_conf_cm.o(.constdata)
    __tagsym$$used                           0x08001f24   Number         0  rtx_conf_cm.o(.constdata)
    __tagsym$$used                           0x08001f28   Number         0  rtx_conf_cm.o(.constdata)
    __tagsym$$used                           0x08001f2c   Number         0  rtx_conf_cm.o(.constdata)
    .data                                    0x20000000   Section        8  thread.o(.data)
    .data                                    0x20000008   Section       36  rtx_conf_cm.o(.data)
    nr_mutex                                 0x20000018   Data           4  rtx_conf_cm.o(.data)
    .data                                    0x2000002c   Section        8  rt_cmsis.o(.data)
    .data                                    0x20000034   Section        8  rt_task.o(.data)
    .data                                    0x2000003c   Section        8  rt_system.o(.data)
    os_lock                                  0x2000003c   Data           1  rt_system.o(.data)
    os_psh_flag                              0x2000003d   Data           1  rt_system.o(.data)
    pend_flags                               0x2000003e   Data           1  rt_system.o(.data)
    .data                                    0x20000044   Section        4  rt_time.o(.data)
    .data                                    0x20000048   Section        8  rt_robin.o(.data)
    .data                                    0x20000050   Section        1  hal_cm.o(.data)
    .bss                                     0x20000058   Section     3016  rtx_conf_cm.o(.bss)
    std_libspace                             0x20000900   Data         672  rtx_conf_cm.o(.bss)
    std_libmutex                             0x20000ba0   Data         128  rtx_conf_cm.o(.bss)
    .bss                                     0x20000c20   Section       52  rt_task.o(.bss)
    .bss                                     0x20000c54   Section       48  rt_list.o(.bss)
    .bss                                     0x20000c84   Section       96  libspace.o(.bss)
    HEAP                                     0x20000ce8   Section      512  startup_stm32f407xx.o(HEAP)
    Heap_Mem                                 0x20000ce8   Data         512  startup_stm32f407xx.o(HEAP)
    STACK                                    0x20000ee8   Section     1024  startup_stm32f407xx.o(STACK)
    Stack_Mem                                0x20000ee8   Data        1024  startup_stm32f407xx.o(STACK)
    __initial_sp                             0x200012e8   Data           0  startup_stm32f407xx.o(STACK)

    Global Symbols

    Symbol Name                              Value     Ov Type        Size  Object(Section)

    BuildAttributes$$THM_ISAv4$E$P$D$K$B$S$7EM$VFPi3$EXTD16$VFPS$VFMA$PE$A:L22UL41UL21$X:L11$S22US41US21$IEEE1$IW$USESV6$~STKCKD$USESV7$~SHL$OSPACE$ROPI$EBA8$UX$STANDARDLIB$REQ8$PRES8$EABIv2 0x00000000   Number         0  anon$$obj.o ABSOLUTE
    __ARM_use_no_argv                        0x00000000   Number         0  main.o ABSOLUTE
    __ARM_exceptions_init                     - Undefined Weak Reference
    __alloca_initialize                       - Undefined Weak Reference
    __arm_preinit_                            - Undefined Weak Reference
    __cpp_initialize__aeabi_                  - Undefined Weak Reference
    __cxa_finalize                            - Undefined Weak Reference
    __rt_locale                               - Undefined Weak Reference
    __sigvec_lookup                           - Undefined Weak Reference
    _atexit_init                              - Undefined Weak Reference
    _call_atexit_fns                          - Undefined Weak Reference
    _clock_init                               - Undefined Weak Reference
    _fp_trap_init                             - Undefined Weak Reference
    _fp_trap_shutdown                         - Undefined Weak Reference
    _get_lc_collate                           - Undefined Weak Reference
    _get_lc_ctype                             - Undefined Weak Reference
    _get_lc_monetary                          - Undefined Weak Reference
    _get_lc_numeric                           - Undefined Weak Reference
    _get_lc_time                              - Undefined Weak Reference
    _getenv_init                              - Undefined Weak Reference
    _handle_redirection                       - Undefined Weak Reference
    _init_alloc                               - Undefined Weak Reference
    _init_user_alloc                          - Undefined Weak Reference
    _initio                                   - Undefined Weak Reference
    _rand_init                                - Undefined Weak Reference
    _signal_finish                            - Undefined Weak Reference
    _signal_init                              - Undefined Weak Reference
    _terminate_alloc                          - Undefined Weak Reference
    _terminate_user_alloc                     - Undefined Weak Reference
    _terminateio                              - Undefined Weak Reference
    __Vectors_Size                           0x00000188   Number         0  startup_stm32f407xx.o ABSOLUTE
    __RL_RTX_VER                             0x00000480   Number         0  rt_system.o ABSOLUTE
    __Vectors                                0x08000000   Data           4  startup_stm32f407xx.o(RESET)
    __Vectors_End                            0x08000188   Data           0  startup_stm32f407xx.o(RESET)
    __main                                   0x08000189   Thumb Code     8  __main.o(!!!main)
    __scatterload                            0x08000191   Thumb Code     0  __scatter.o(!!!scatter)
    __scatterload_rt2                        0x08000191   Thumb Code    44  __scatter.o(!!!scatter)
    __scatterload_rt2_thumb_only             0x08000191   Thumb Code     0  __scatter.o(!!!scatter)
    __scatterload_null                       0x0800019f   Thumb Code     0  __scatter.o(!!!scatter)
    __scatterload_copy                       0x080001c5   Thumb Code    26  __scatter_copy.o(!!handler_copy)
    __scatterload_zeroinit                   0x080001e1   Thumb Code    28  __scatter_zi.o(!!handler_zi)
    __rt_lib_init                            0x080001fd   Thumb Code     0  libinit.o(.ARM.Collect$$libinit$$00000000)
    __rt_lib_init_fp_1                       0x080001ff   Thumb Code     0  libinit2.o(.ARM.Collect$$libinit$$00000001)
    __rt_lib_init_alloca_1                   0x08000203   Thumb Code     0  libinit2.o(.ARM.Collect$$libinit$$0000002E)
    __rt_lib_init_argv_1                     0x08000203   Thumb Code     0  libinit2.o(.ARM.Collect$$libinit$$0000002C)
    __rt_lib_init_atexit_1                   0x08000203   Thumb Code     0  libinit2.o(.ARM.Collect$$libinit$$0000001B)
    __rt_lib_init_clock_1                    0x08000203   Thumb Code     0  libinit2.o(.ARM.Collect$$libinit$$00000021)
    __rt_lib_init_cpp_1                      0x08000203   Thumb Code     0  libinit2.o(.ARM.Collect$$libinit$$00000032)
    __rt_lib_init_exceptions_1               0x08000203   Thumb Code     0  libinit2.o(.ARM.Collect$$libinit$$00000030)
    __rt_lib_init_fp_trap_1                  0x08000203   Thumb Code     0  libinit2.o(.ARM.Collect$$libinit$$0000001F)
    __rt_lib_init_getenv_1                   0x08000203   Thumb Code     0  libinit2.o(.ARM.Collect$$libinit$$00000023)
    __rt_lib_init_heap_1                     0x08000203   Thumb Code     0  libinit2.o(.ARM.Collect$$libinit$$0000000A)
    __rt_lib_init_lc_collate_1               0x08000203   Thumb Code     0  libinit2.o(.ARM.Collect$$libinit$$00000011)
    __rt_lib_init_lc_ctype_1                 0x08000203   Thumb Code     0  libinit2.o(.ARM.Collect$$libinit$$00000013)
    __rt_lib_init_lc_monetary_1              0x08000203   Thumb Code     0  libinit2.o(.ARM.Collect$$libinit$$00000015)
    __rt_lib_init_lc_numeric_1               0x08000203   Thumb Code     0  libinit2.o(.ARM.Collect$$libinit$$00000017)
    __rt_lib_init_lc_time_1                  0x08000203   Thumb Code     0  libinit2.o(.ARM.Collect$$libinit$$00000019)
    __rt_lib_init_preinit_1                  0x08000203   Thumb Code     0  libinit2.o(.ARM.Collect$$libinit$$00000004)
    __rt_lib_init_rand_1                     0x08000203   Thumb Code     0  libinit2.o(.ARM.Collect$$libinit$$0000000E)
    __rt_lib_init_return                     0x08000203   Thumb Code     0  libinit2.o(.ARM.Collect$$libinit$$00000033)
    __rt_lib_init_signal_1                   0x08000203   Thumb Code     0  libinit2.o(.ARM.Collect$$libinit$$0000001D)
    __rt_lib_init_stdio_1                    0x08000203   Thumb Code     0  libinit2.o(.ARM.Collect$$libinit$$00000025)
    __rt_lib_init_user_alloc_1               0x08000203   Thumb Code     0  libinit2.o(.ARM.Collect$$libinit$$0000000C)
    __rt_lib_shutdown                        0x08000205   Thumb Code     0  libshutdown.o(.ARM.Collect$$libshutdown$$00000000)
    __rt_lib_shutdown_cpp_1                  0x08000207   Thumb Code     0  libshutdown2.o(.ARM.Collect$$libshutdown$$00000002)
    __rt_lib_shutdown_fp_trap_1              0x08000207   Thumb Code     0  libshutdown2.o(.ARM.Collect$$libshutdown$$00000007)
    __rt_lib_shutdown_heap_1                 0x08000207   Thumb Code     0  libshutdown2.o(.ARM.Collect$$libshutdown$$0000000F)
    __rt_lib_shutdown_return                 0x08000207   Thumb Code     0  libshutdown2.o(.ARM.Collect$$libshutdown$$00000010)
    __rt_lib_shutdown_signal_1               0x08000207   Thumb Code     0  libshutdown2.o(.ARM.Collect$$libshutdown$$0000000A)
    __rt_lib_shutdown_stdio_1                0x08000207   Thumb Code     0  libshutdown2.o(.ARM.Collect$$libshutdown$$00000004)
    __rt_lib_shutdown_user_alloc_1           0x08000207   Thumb Code     0  libshutdown2.o(.ARM.Collect$$libshutdown$$0000000C)
    __rt_entry                               0x08000209   Thumb Code     0  __rtentry.o(.ARM.Collect$$rtentry$$00000000)
    __rt_entry_presh_1                       0x08000209   Thumb Code     0  __rtentry2.o(.ARM.Collect$$rtentry$$00000002)
    __rt_entry_sh                            0x08000209   Thumb Code     0  __rtentry4.o(.ARM.Collect$$rtentry$$00000004)
    __rt_entry_li                            0x0800020f   Thumb Code     0  __rtentry2.o(.ARM.Collect$$rtentry$$0000000A)
    __rt_entry_postsh_1                      0x0800020f   Thumb Code     0  __rtentry2.o(.ARM.Collect$$rtentry$$00000009)
    __rt_entry_postli_1                      0x08000213   Thumb Code     0  __rtentry2.o(.ARM.Collect$$rtentry$$0000000B)
    __rt_entry_main                          0x0800021b   Thumb Code     0  __rtentry2.o(.ARM.Collect$$rtentry$$0000000D)
    __rt_exit                                0x08000223   Thumb Code     0  rtexit.o(.ARM.Collect$$rtexit$$00000000)
    __rt_exit_ls                             0x08000225   Thumb Code     0  rtexit2.o(.ARM.Collect$$rtexit$$00000003)
    __rt_exit_prels_1                        0x08000225   Thumb Code     0  rtexit2.o(.ARM.Collect$$rtexit$$00000002)
    __rt_exit_exit                           0x08000229   Thumb Code     0  rtexit2.o(.ARM.Collect$$rtexit$$00000004)
    _platform_post_lib_init                  0x08000231   Thumb Code    24  rtx_conf_cm.o(.emb_text)
    rt_set_PSP                               0x0800024d   Thumb Code     6  hal_cm4.o(.emb_text)
    rt_get_PSP                               0x08000253   Thumb Code     6  hal_cm4.o(.emb_text)
    os_set_env                               0x08000259   Thumb Code    24  hal_cm4.o(.emb_text)
    _alloc_box                               0x08000275   Thumb Code    28  hal_cm4.o(.emb_text)
    _free_box                                0x08000295   Thumb Code    28  hal_cm4.o(.emb_text)
    SVC_Handler                              0x080002b5   Thumb Code   168  hal_cm4.o(.emb_text)
    PendSV_Handler                           0x0800036d   Thumb Code    96  hal_cm4.o(.emb_text)
    SysTick_Handler                          0x080003d1   Thumb Code     8  hal_cm4.o(.emb_text)
    OS_Tick_Handler                          0x080003d9   Thumb Code    12  hal_cm4.o(.emb_text)
    Reset_Handler                            0x080003e5   Thumb Code     8  startup_stm32f407xx.o(.text)
    NMI_Handler                              0x080003ed   Thumb Code     2  startup_stm32f407xx.o(.text)
    HardFault_Handler                        0x080003ef   Thumb Code     2  startup_stm32f407xx.o(.text)
    MemManage_Handler                        0x080003f1   Thumb Code     2  startup_stm32f407xx.o(.text)
    BusFault_Handler                         0x080003f3   Thumb Code     2  startup_stm32f407xx.o(.text)
    UsageFault_Handler                       0x080003f5   Thumb Code     2  startup_stm32f407xx.o(.text)
    DebugMon_Handler                         0x080003f9   Thumb Code     2  startup_stm32f407xx.o(.text)
    ADC_IRQHandler                           0x080003ff   Thumb Code     0  startup_stm32f407xx.o(.text)
    CAN1_RX0_IRQHandler                      0x080003ff   Thumb Code     0  startup_stm32f407xx.o(.text)
    CAN1_RX1_IRQHandler                      0x080003ff   Thumb Code     0  startup_stm32f407xx.o(.text)
    CAN1_SCE_IRQHandler                      0x080003ff   Thumb Code     0  startup_stm32f407xx.o(.text)
    CAN1_TX_IRQHandler                       0x080003ff   Thumb Code     0  startup_stm32f407xx.o(.text)
    CAN2_RX0_IRQHandler                      0x080003ff   Thumb Code     0  startup_stm32f407xx.o(.text)
    CAN2_RX1_IRQHandler                      0x080003ff   Thumb Code     0  startup_stm32f407xx.o(.text)
    CAN2_SCE_IRQHandler                      0x080003ff   Thumb Code     0  startup_stm32f407xx.o(.text)
    CAN2_TX_IRQHandler                       0x080003ff   Thumb Code     0  startup_stm32f407xx.o(.text)
    DCMI_IRQHandler                          0x080003ff   Thumb Code     0  startup_stm32f407xx.o(.text)
    DMA1_Stream0_IRQHandler                  0x080003ff   Thumb Code     0  startup_stm32f407xx.o(.text)
    DMA1_Stream1_IRQHandler                  0x080003ff   Thumb Code     0  startup_stm32f407xx.o(.text)
    DMA1_Stream2_IRQHandler                  0x080003ff   Thumb Code     0  startup_stm32f407xx.o(.text)
    DMA1_Stream3_IRQHandler                  0x080003ff   Thumb Code     0  startup_stm32f407xx.o(.text)
    DMA1_Stream4_IRQHandler                  0x080003ff   Thumb Code     0  startup_stm32f407xx.o(.text)
    DMA1_Stream5_IRQHandler                  0x080003ff   Thumb Code     0  startup_stm32f407xx.o(.text)
    DMA1_Stream6_IRQHandler                  0x080003ff   Thumb Code     0  startup_stm32f407xx.o(.text)
    DMA1_Stream7_IRQHandler                  0x080003ff   Thumb Code     0  startup_stm32f407xx.o(.text)
    DMA2_Stream0_IRQHandler                  0x080003ff   Thumb Code     0  startup_stm32f407xx.o(.text)
    DMA2_Stream1_IRQHandler                  0x080003ff   Thumb Code     0  startup_stm32f407xx.o(.text)
    DMA2_Stream2_IRQHandler                  0x080003ff   Thumb Code     0  startup_stm32f407xx.o(.text)
    DMA2_Stream3_IRQHandler                  0x080003ff   Thumb Code     0  startup_stm32f407xx.o(.text)
    DMA2_Stream4_IRQHandler                  0x080003ff   Thumb Code     0  startup_stm32f407xx.o(.text)
    DMA2_Stream5_IRQHandler                  0x080003ff   Thumb Code     0  startup_stm32f407xx.o(.text)
    DMA2_Stream6_IRQHandler                  0x080003ff   Thumb Code     0  startup_stm32f407xx.o(.text)
    DMA2_Stream7_IRQHandler                  0x080003ff   Thumb Code     0  startup_stm32f407xx.o(.text)
    ETH_IRQHandler                           0x080003ff   Thumb Code     0  startup_stm32f407xx.o(.text)
    ETH_WKUP_IRQHandler                      0x080003ff   Thumb Code     0  startup_stm32f407xx.o(.text)
    EXTI0_IRQHandler                         0x080003ff   Thumb Code     0  startup_stm32f407xx.o(.text)
    EXTI15_10_IRQHandler                     0x080003ff   Thumb Code     0  startup_stm32f407xx.o(.text)
    EXTI1_IRQHandler                         0x080003ff   Thumb Code     0  startup_stm32f407xx.o(.text)
    EXTI2_IRQHandler                         0x080003ff   Thumb Code     0  startup_stm32f407xx.o(.text)
    EXTI3_IRQHandler                         0x080003ff   Thumb Code     0  startup_stm32f407xx.o(.text)
    EXTI4_IRQHandler                         0x080003ff   Thumb Code     0  startup_stm32f407xx.o(.text)
    EXTI9_5_IRQHandler                       0x080003ff   Thumb Code     0  startup_stm32f407xx.o(.text)
    FLASH_IRQHandler                         0x080003ff   Thumb Code     0  startup_stm32f407xx.o(.text)
    FMC_IRQHandler                           0x080003ff   Thumb Code     0  startup_stm32f407xx.o(.text)
    FPU_IRQHandler                           0x080003ff   Thumb Code     0  startup_stm32f407xx.o(.text)
    HASH_RNG_IRQHandler                      0x080003ff   Thumb Code     0  startup_stm32f407xx.o(.text)
    I2C1_ER_IRQHandler                       0x080003ff   Thumb Code     0  startup_stm32f407xx.o(.text)
    I2C1_EV_IRQHandler                       0x080003ff   Thumb Code     0  startup_stm32f407xx.o(.text)
    I2C2_ER_IRQHandler                       0x080003ff   Thumb Code     0  startup_stm32f407xx.o(.text)
    I2C2_EV_IRQHandler                       0x080003ff   Thumb Code     0  startup_stm32f407xx.o(.text)
    I2C3_ER_IRQHandler                       0x080003ff   Thumb Code     0  startup_stm32f407xx.o(.text)
    I2C3_EV_IRQHandler                       0x080003ff   Thumb Code     0  startup_stm32f407xx.o(.text)
    OTG_FS_IRQHandler                        0x080003ff   Thumb Code     0  startup_stm32f407xx.o(.text)
    OTG_FS_WKUP_IRQHandler                   0x080003ff   Thumb Code     0  startup_stm32f407xx.o(.text)
    OTG_HS_EP1_IN_IRQHandler                 0x080003ff   Thumb Code     0  startup_stm32f407xx.o(.text)
    OTG_HS_EP1_OUT_IRQHandler                0x080003ff   Thumb Code     0  startup_stm32f407xx.o(.text)
    OTG_HS_IRQHandler                        0x080003ff   Thumb Code     0  startup_stm32f407xx.o(.text)
    OTG_HS_WKUP_IRQHandler                   0x080003ff   Thumb Code     0  startup_stm32f407xx.o(.text)
    PVD_IRQHandler                           0x080003ff   Thumb Code     0  startup_stm32f407xx.o(.text)
    RCC_IRQHandler                           0x080003ff   Thumb Code     0  startup_stm32f407xx.o(.text)
    RTC_Alarm_IRQHandler                     0x080003ff   Thumb Code     0  startup_stm32f407xx.o(.text)
    RTC_WKUP_IRQHandler                      0x080003ff   Thumb Code     0  startup_stm32f407xx.o(.text)
    SDIO_IRQHandler                          0x080003ff   Thumb Code     0  startup_stm32f407xx.o(.text)
    SPI1_IRQHandler                          0x080003ff   Thumb Code     0  startup_stm32f407xx.o(.text)
    SPI2_IRQHandler                          0x080003ff   Thumb Code     0  startup_stm32f407xx.o(.text)
    SPI3_IRQHandler                          0x080003ff   Thumb Code     0  startup_stm32f407xx.o(.text)
    TAMP_STAMP_IRQHandler                    0x080003ff   Thumb Code     0  startup_stm32f407xx.o(.text)
    TIM1_BRK_TIM9_IRQHandler                 0x080003ff   Thumb Code     0  startup_stm32f407xx.o(.text)
    TIM1_CC_IRQHandler                       0x080003ff   Thumb Code     0  startup_stm32f407xx.o(.text)
    TIM1_TRG_COM_TIM11_IRQHandler            0x080003ff   Thumb Code     0  startup_stm32f407xx.o(.text)
    TIM1_UP_TIM10_IRQHandler                 0x080003ff   Thumb Code     0  startup_stm32f407xx.o(.text)
    TIM2_IRQHandler                          0x080003ff   Thumb Code     0  startup_stm32f407xx.o(.text)
    TIM3_IRQHandler                          0x080003ff   Thumb Code     0  startup_stm32f407xx.o(.text)
    TIM4_IRQHandler                          0x080003ff   Thumb Code     0  startup_stm32f407xx.o(.text)
    TIM5_IRQHandler                          0x080003ff   Thumb Code     0  startup_stm32f407xx.o(.text)
    TIM6_DAC_IRQHandler                      0x080003ff   Thumb Code     0  startup_stm32f407xx.o(.text)
    TIM7_IRQHandler                          0x080003ff   Thumb Code     0  startup_stm32f407xx.o(.text)
    TIM8_BRK_TIM12_IRQHandler                0x080003ff   Thumb Code     0  startup_stm32f407xx.o(.text)
    TIM8_CC_IRQHandler                       0x080003ff   Thumb Code     0  startup_stm32f407xx.o(.text)
    TIM8_TRG_COM_TIM14_IRQHandler            0x080003ff   Thumb Code     0  startup_stm32f407xx.o(.text)
    TIM8_UP_TIM13_IRQHandler                 0x080003ff   Thumb Code     0  startup_stm32f407xx.o(.text)
    UART4_IRQHandler                         0x080003ff   Thumb Code     0  startup_stm32f407xx.o(.text)
    UART5_IRQHandler                         0x080003ff   Thumb Code     0  startup_stm32f407xx.o(.text)
    USART1_IRQHandler                        0x080003ff   Thumb Code     0  startup_stm32f407xx.o(.text)
    USART2_IRQHandler                        0x080003ff   Thumb Code     0  startup_stm32f407xx.o(.text)
    USART3_IRQHandler                        0x080003ff   Thumb Code     0  startup_stm32f407xx.o(.text)
    USART6_IRQHandler                        0x080003ff   Thumb Code     0  startup_stm32f407xx.o(.text)
    WWDG_IRQHandler                          0x080003ff   Thumb Code     0  startup_stm32f407xx.o(.text)
    __user_initial_stackheap                 0x08000401   Thumb Code     0  startup_stm32f407xx.o(.text)
    __user_libspace                          0x08000425   Thumb Code     8  libspace.o(.text)
    __user_perproc_libspace                  0x08000425   Thumb Code     0  libspace.o(.text)
    exit                                     0x0800042d   Thumb Code    18  exit.o(.text)
    __use_two_region_memory                  0x0800043f   Thumb Code     2  heapauxi.o(.text)
    __rt_heap_escrow$2region                 0x08000441   Thumb Code     2  heapauxi.o(.text)
    __rt_heap_expand$2region                 0x08000443   Thumb Code     2  heapauxi.o(.text)
    _sys_exit                                0x08000445   Thumb Code     8  sys_exit.o(.text)
    __user_setup_stackheap                   0x08000451   Thumb Code    74  sys_stackheap_outer.o(.text)
    __I$use$semihosting                      0x0800049b   Thumb Code     0  use_no_semi.o(.text)
    __use_no_semihosting_swi                 0x0800049b   Thumb Code     2  use_no_semi.o(.text)
    SVC_Count                                0x0800049c   Data           4  svc_table.o(SVC_TABLE)
    __semihosting_library_function           0x0800049d   Thumb Code     0  indicate_semi.o(.text)
    Blink_LED_Thread                         0x080004a1   Thumb Code    82  thread.o(i.Blink_LED_Thread)
    SVC_Table                                0x080004a0   Data           0  svc_table.o(SVC_TABLE)
    Blue_LED                                 0x080004f9   Thumb Code    22  my_headers.o(i.Blue_LED)
    Button_Thread                            0x08000515   Thumb Code   382  thread.o(i.Button_Thread)
    Green_LED                                0x080006a1   Thumb Code    22  my_headers.o(i.Green_LED)
    Init_Blink_LED_Thread                    0x080006bd   Thumb Code    30  thread.o(i.Init_Blink_LED_Thread)
    Init_Button_Thread                       0x080006e5   Thumb Code    30  thread.o(i.Init_Button_Thread)
    Initialise_LED_and_button                0x0800070d   Thumb Code   176  my_headers.o(i.Initialise_LED_and_button)
    Orange_LED                               0x080007cd   Thumb Code    22  my_headers.o(i.Orange_LED)
    Red_LED                                  0x080007e9   Thumb Code    22  my_headers.o(i.Red_LED)
    SystemInit                               0x08000805   Thumb Code   314  system_stm32f4xx.o(i.SystemInit)
    _init_box                                0x08000959   Thumb Code    70  rt_membox.o(i._init_box)
    _mutex_acquire                           0x080009a1   Thumb Code    22  rtx_conf_cm.o(i._mutex_acquire)
    _mutex_release                           0x080009c1   Thumb Code    18  rtx_conf_cm.o(i._mutex_release)
    dbg_init                                 0x080009dd   Thumb Code    34  hal_cm.o(i.dbg_init)
    dbg_task_notify                          0x08000a0d   Thumb Code    32  hal_cm.o(i.dbg_task_notify)
    dbg_task_switch                          0x08000a2d   Thumb Code    16  hal_cm.o(i.dbg_task_switch)
    isrMessageGet                            0x08000a3d   Thumb Code    42  rt_cmsis.o(i.isrMessageGet)
    isrMessagePut                            0x08000a67   Thumb Code    44  rt_cmsis.o(i.isrMessagePut)
    isrSignalSet                             0x08000a93   Thumb Code    36  rt_cmsis.o(i.isrSignalSet)
    isr_evt_set                              0x08000ab9   Thumb Code    34  rt_event.o(i.isr_evt_set)
    isr_mbx_receive                          0x08000ae1   Thumb Code    82  rt_mailbox.o(i.isr_mbx_receive)
    isr_mbx_send                             0x08000b33   Thumb Code    14  rt_mailbox.o(i.isr_mbx_send)
    main                                     0x08000b41   Thumb Code    24  main.o(i.main)
    osDelay                                  0x08000b59   Thumb Code    18  rt_cmsis.o(i.osDelay)
    osKernelInitialize                       0x08000b71   Thumb Code    30  rt_cmsis.o(i.osKernelInitialize)
    osKernelStart                            0x08000b95   Thumb Code    98  rt_cmsis.o(i.osKernelStart)
    osMessageGet                             0x08000c01   Thumb Code    18  rt_cmsis.o(i.osMessageGet)
    osSignalSet                              0x08000c19   Thumb Code    18  rt_cmsis.o(i.osSignalSet)
    osSignalWait                             0x08000c31   Thumb Code    18  rt_cmsis.o(i.osSignalWait)
    osThreadCreate                           0x08000c49   Thumb Code    38  rt_cmsis.o(i.osThreadCreate)
    osThreadExit                             0x08000c79   Thumb Code    14  rt_cmsis.o(i.osThreadExit)
    osThreadYield                            0x08000c91   Thumb Code    18  rt_cmsis.o(i.osThreadYield)
    osTimerCall                              0x08000ca9   Thumb Code     8  rt_cmsis.o(i.osTimerCall)
    osTimerThread                            0x08000cb5   Thumb Code    38  rt_cmsis.o(i.osTimerThread)
    os_error                                 0x08000ce1   Thumb Code    34  rtx_conf_cm.o(i.os_error)
    os_idle_demon                            0x08000d03   Thumb Code     4  rtx_conf_cm.o(i.os_idle_demon)
    os_tick_init                             0x08000d09   Thumb Code    32  rt_system.o(i.os_tick_init)
    os_tick_irqack                           0x08000d31   Thumb Code     2  rt_system.o(i.os_tick_irqack)
    rt_alloc_box                             0x08000d33   Thumb Code    26  rt_membox.o(i.rt_alloc_box)
    rt_alloc_mem                             0x08000d4d   Thumb Code    62  rt_memory.o(i.rt_alloc_mem)
    rt_block                                 0x08000d8d   Thumb Code    48  rt_task.o(i.rt_block)
    rt_chk_robin                             0x08000dc5   Thumb Code    60  rt_robin.o(i.rt_chk_robin)
    rt_dec_dly                               0x08000e0d   Thumb Code   102  rt_list.o(i.rt_dec_dly)
    rt_dispatch                              0x08000e7d   Thumb Code    60  rt_task.o(i.rt_dispatch)
    rt_dly_wait                              0x08000ec1   Thumb Code     6  rt_time.o(i.rt_dly_wait)
    rt_evt_psh                               0x08000ec9   Thumb Code    76  rt_event.o(i.rt_evt_psh)
    rt_evt_set                               0x08000f19   Thumb Code    88  rt_event.o(i.rt_evt_set)
    rt_evt_wait                              0x08000f75   Thumb Code    56  rt_event.o(i.rt_evt_wait)
    rt_free_box                              0x08000fb1   Thumb Code    44  rt_membox.o(i.rt_free_box)
    rt_free_mem                              0x08000fdd   Thumb Code    40  rt_memory.o(i.rt_free_mem)
    rt_get_first                             0x08001005   Thumb Code    40  rt_list.o(i.rt_get_first)
    rt_get_same_rdy_prio                     0x0800102d   Thumb Code    26  rt_list.o(i.rt_get_same_rdy_prio)
    rt_init_mem                              0x080010a1   Thumb Code    26  rt_memory.o(i.rt_init_mem)
    rt_init_robin                            0x080010bd   Thumb Code    14  rt_robin.o(i.rt_init_robin)
    rt_init_stack                            0x080010d5   Thumb Code   118  hal_cm.o(i.rt_init_stack)
    rt_mbx_check                             0x08001155   Thumb Code     8  rt_mailbox.o(i.rt_mbx_check)
    rt_mbx_init                              0x0800115d   Thumb Code    26  rt_mailbox.o(i.rt_mbx_init)
    rt_mbx_psh                               0x08001179   Thumb Code   236  rt_mailbox.o(i.rt_mbx_psh)
    rt_mbx_wait                              0x08001269   Thumb Code   174  rt_mailbox.o(i.rt_mbx_wait)
    rt_mut_release                           0x08001361   Thumb Code   208  rt_mutex.o(i.rt_mut_release)
    rt_mut_wait                              0x08001439   Thumb Code   100  rt_mutex.o(i.rt_mut_wait)
    rt_pop_req                               0x080014a1   Thumb Code   112  rt_system.o(i.rt_pop_req)
    rt_psh_req                               0x0800151d   Thumb Code    22  rt_system.o(i.rt_psh_req)
    rt_psq_enq                               0x0800153d   Thumb Code    88  rt_list.o(i.rt_psq_enq)
    rt_put_dly                               0x08001599   Thumb Code    68  rt_list.o(i.rt_put_dly)
    rt_put_prio                              0x080015e1   Thumb Code    54  rt_list.o(i.rt_put_prio)
    rt_put_rdy_first                         0x08001619   Thumb Code    14  rt_list.o(i.rt_put_rdy_first)
    rt_resort_prio                           0x0800162d   Thumb Code    46  rt_list.o(i.rt_resort_prio)
    rt_ret_val                               0x08001671   Thumb Code    12  hal_cm.o(i.rt_ret_val)
    rt_ret_val2                              0x0800167d   Thumb Code    16  hal_cm.o(i.rt_ret_val2)
    rt_rmv_dly                               0x0800168d   Thumb Code    40  rt_list.o(i.rt_rmv_dly)
    rt_rmv_list                              0x080016b5   Thumb Code    44  rt_list.o(i.rt_rmv_list)
    rt_sem_psh                               0x080016e5   Thumb Code    48  rt_semaphore.o(i.rt_sem_psh)
    rt_stk_check                             0x08001719   Thumb Code    28  rt_system.o(i.rt_stk_check)
    rt_switch_req                            0x0800173d   Thumb Code    30  rt_task.o(i.rt_switch_req)
    rt_sys_init                              0x08001765   Thumb Code   138  rt_task.o(i.rt_sys_init)
    rt_sys_start                             0x08001831   Thumb Code   110  rt_task.o(i.rt_sys_start)
    rt_systick                               0x080018a9   Thumb Code    50  rt_system.o(i.rt_systick)
    rt_tsk_create                            0x08001931   Thumb Code   118  rt_task.o(i.rt_tsk_create)
    rt_tsk_delete                            0x080019b9   Thumb Code   352  rt_task.o(i.rt_tsk_delete)
    rt_tsk_pass                              0x08001b35   Thumb Code    38  rt_task.o(i.rt_tsk_pass)
    rt_tsk_prio                              0x08001b65   Thumb Code   108  rt_task.o(i.rt_tsk_prio)
    rt_tsk_self                              0x08001be1   Thumb Code    12  rt_task.o(i.rt_tsk_self)
    svcDelay                                 0x08001bf1   Thumb Code    18  rt_cmsis.o(i.svcDelay)
    svcKernelInitialize                      0x08001c05   Thumb Code    80  rt_cmsis.o(i.svcKernelInitialize)
    svcKernelStart                           0x08001c75   Thumb Code    62  rt_cmsis.o(i.svcKernelStart)
    svcMessageCreate                         0x08001cbd   Thumb Code    36  rt_cmsis.o(i.svcMessageCreate)
    svcMessageGet                            0x08001ce1   Thumb Code    58  rt_cmsis.o(i.svcMessageGet)
    svcSignalSet                             0x08001d1b   Thumb Code    36  rt_cmsis.o(i.svcSignalSet)
    svcSignalWait                            0x08001d41   Thumb Code    80  rt_cmsis.o(i.svcSignalWait)
    svcThreadCreate                          0x08001d95   Thumb Code   100  rt_cmsis.o(i.svcThreadCreate)
    svcThreadGetId                           0x08001e05   Thumb Code    22  rt_cmsis.o(i.svcThreadGetId)
    svcThreadTerminate                       0x08001e21   Thumb Code    50  rt_cmsis.o(i.svcThreadTerminate)
    svcThreadYield                           0x08001e59   Thumb Code    10  rt_cmsis.o(i.svcThreadYield)
    svcTimerCall                             0x08001e63   Thumb Code    24  rt_cmsis.o(i.svcTimerCall)
    sysTimerTick                             0x08001e7d   Thumb Code    84  rt_cmsis.o(i.sysTimerTick)
    _fp_init                                 0x08001ed9   Thumb Code    10  fpinit.o(x$fpl$fpinit)
    __fplib_config_fpu_vfp                   0x08001ee1   Thumb Code     0  fpinit.o(x$fpl$fpinit)
    __fplib_config_pureend_doubles           0x08001ee1   Thumb Code     0  fpinit.o(x$fpl$fpinit)
    os_thread_def_Blink_LED_Thread           0x08001ee4   Data          16  thread.o(.constdata)
    os_thread_def_Button_Thread              0x08001ef4   Data          16  thread.o(.constdata)
    os_maxtaskrun                            0x08001f04   Data           2  rtx_conf_cm.o(.constdata)
    os_stackinfo                             0x08001f08   Data           4  rtx_conf_cm.o(.constdata)
    os_rrobin                                0x08001f0c   Data           4  rtx_conf_cm.o(.constdata)
    os_tickfreq                              0x08001f10   Data           4  rtx_conf_cm.o(.constdata)
    os_tickus_i                              0x08001f14   Data           2  rtx_conf_cm.o(.constdata)
    os_tickus_f                              0x08001f16   Data           2  rtx_conf_cm.o(.constdata)
    os_trv                                   0x08001f18   Data           4  rtx_conf_cm.o(.constdata)
    os_flags                                 0x08001f1c   Data           1  rtx_conf_cm.o(.constdata)
    CMSIS_RTOS_API_Version                   0x08001f20   Data           4  rtx_conf_cm.o(.constdata)
    CMSIS_RTOS_RTX_Version                   0x08001f24   Data           4  rtx_conf_cm.o(.constdata)
    os_clockrate                             0x08001f28   Data           4  rtx_conf_cm.o(.constdata)
    os_timernum                              0x08001f2c   Data           4  rtx_conf_cm.o(.constdata)
    mp_tcb_size                              0x08001f30   Data           2  rtx_conf_cm.o(.constdata)
    mp_stk_size                              0x08001f34   Data           4  rtx_conf_cm.o(.constdata)
    os_stack_sz                              0x08001f38   Data           4  rtx_conf_cm.o(.constdata)
    os_fifo_size                             0x08001f3c   Data           1  rtx_conf_cm.o(.constdata)
    os_thread_def_osTimerThread              0x08001f40   Data          16  rtx_conf_cm.o(.constdata)
    os_messageQ_def_osTimerMessageQ          0x08001f50   Data           8  rtx_conf_cm.o(.constdata)
    mp_tmr_size                              0x08001f58   Data           2  rtx_conf_cm.o(.constdata)
    Region$$Table$$Base                      0x08001f5c   Number         0  anon$$obj.o(Region$$Table)
    Region$$Table$$Limit                     0x08001f7c   Number         0  anon$$obj.o(Region$$Table)
    tid_Blink_LED_Thread                     0x20000000   Data           4  thread.o(.data)
    tid_Button_Thread                        0x20000004   Data           4  thread.o(.data)
    osThreadId_osTimerThread                 0x20000008   Data           4  rtx_conf_cm.o(.data)
    osMessageQId_osTimerMessageQ             0x2000000c   Data           4  rtx_conf_cm.o(.data)
    os_tmr                                   0x20000010   Data           4  rtx_conf_cm.o(.data)
    m_tmr                                    0x20000014   Data           4  rtx_conf_cm.o(.data)
    os_thread_def_main                       0x2000001c   Data          16  rtx_conf_cm.o(.data)
    os_initialized                           0x2000002c   Data           1  rt_cmsis.o(.data)
    os_running                               0x2000002d   Data           1  rt_cmsis.o(.data)
    os_timer_head                            0x20000030   Data           4  rt_cmsis.o(.data)
    os_tsk                                   0x20000034   Data           8  rt_task.o(.data)
    os_tick_irqn                             0x20000040   Data           4  rt_system.o(.data)
    os_time                                  0x20000044   Data           4  rt_time.o(.data)
    os_robin                                 0x20000048   Data           8  rt_robin.o(.data)
    dbg_msg                                  0x20000050   Data           1  hal_cm.o(.data)
    mp_tcb                                   0x20000058   Data         376  rtx_conf_cm.o(.bss)
    mp_stk                                   0x200001d0   Data        1216  rtx_conf_cm.o(.bss)
    os_stack_mem                             0x20000690   Data         432  rtx_conf_cm.o(.bss)
    os_fifo                                  0x20000840   Data         132  rtx_conf_cm.o(.bss)
    os_active_TCB                            0x200008c4   Data          28  rtx_conf_cm.o(.bss)
    os_messageQ_q_osTimerMessageQ            0x200008e0   Data          32  rtx_conf_cm.o(.bss)
    os_idle_TCB                              0x20000c20   Data          52  rt_task.o(.bss)
    os_rdy                                   0x20000c54   Data          24  rt_list.o(.bss)
    os_dly                                   0x20000c6c   Data          24  rt_list.o(.bss)
    __libspace_start                         0x20000c84   Data          96  libspace.o(.bss)
    __temporary_stack_top$libspace           0x20000ce4   Data           0  libspace.o(.bss)



==============================================================================

Memory Map of the image

  Image Entry point : 0x080003e5

  Load Region LR_1 (Base: 0x08000000, Size: 0x00001fd0, Max: 0xffffffff, ABSOLUTE)

    Execution Region ER_RO (Base: 0x08000000, Size: 0x00001f7c, Max: 0xffffffff, ABSOLUTE)

    Base Addr    Size         Type   Attr      Idx    E Section Name        Object

    0x08000000   0x00000188   Data   RO         2305    RESET               startup_stm32f407xx.o
    0x08000188   0x00000008   Code   RO         3577  * !!!main             c_w.l(__main.o)
    0x08000190   0x00000034   Code   RO         3738    !!!scatter          c_w.l(__scatter.o)
    0x080001c4   0x0000001a   Code   RO         3740    !!handler_copy      c_w.l(__scatter_copy.o)
    0x080001de   0x00000002   PAD
    0x080001e0   0x0000001c   Code   RO         3742    !!handler_zi        c_w.l(__scatter_zi.o)
    0x080001fc   0x00000002   Code   RO         3624    .ARM.Collect$$libinit$$00000000  c_w.l(libinit.o)
    0x080001fe   0x00000004   Code   RO         3635    .ARM.Collect$$libinit$$00000001  c_w.l(libinit2.o)
    0x08000202   0x00000000   Code   RO         3638    .ARM.Collect$$libinit$$00000004  c_w.l(libinit2.o)
    0x08000202   0x00000000   Code   RO         3641    .ARM.Collect$$libinit$$0000000A  c_w.l(libinit2.o)
    0x08000202   0x00000000   Code   RO         3643    .ARM.Collect$$libinit$$0000000C  c_w.l(libinit2.o)
    0x08000202   0x00000000   Code   RO         3645    .ARM.Collect$$libinit$$0000000E  c_w.l(libinit2.o)
    0x08000202   0x00000000   Code   RO         3648    .ARM.Collect$$libinit$$00000011  c_w.l(libinit2.o)
    0x08000202   0x00000000   Code   RO         3650    .ARM.Collect$$libinit$$00000013  c_w.l(libinit2.o)
    0x08000202   0x00000000   Code   RO         3652    .ARM.Collect$$libinit$$00000015  c_w.l(libinit2.o)
    0x08000202   0x00000000   Code   RO         3654    .ARM.Collect$$libinit$$00000017  c_w.l(libinit2.o)
    0x08000202   0x00000000   Code   RO         3656    .ARM.Collect$$libinit$$00000019  c_w.l(libinit2.o)
    0x08000202   0x00000000   Code   RO         3658    .ARM.Collect$$libinit$$0000001B  c_w.l(libinit2.o)
    0x08000202   0x00000000   Code   RO         3660    .ARM.Collect$$libinit$$0000001D  c_w.l(libinit2.o)
    0x08000202   0x00000000   Code   RO         3662    .ARM.Collect$$libinit$$0000001F  c_w.l(libinit2.o)
    0x08000202   0x00000000   Code   RO         3664    .ARM.Collect$$libinit$$00000021  c_w.l(libinit2.o)
    0x08000202   0x00000000   Code   RO         3666    .ARM.Collect$$libinit$$00000023  c_w.l(libinit2.o)
    0x08000202   0x00000000   Code   RO         3668    .ARM.Collect$$libinit$$00000025  c_w.l(libinit2.o)
    0x08000202   0x00000000   Code   RO         3672    .ARM.Collect$$libinit$$0000002C  c_w.l(libinit2.o)
    0x08000202   0x00000000   Code   RO         3674    .ARM.Collect$$libinit$$0000002E  c_w.l(libinit2.o)
    0x08000202   0x00000000   Code   RO         3676    .ARM.Collect$$libinit$$00000030  c_w.l(libinit2.o)
    0x08000202   0x00000000   Code   RO         3678    .ARM.Collect$$libinit$$00000032  c_w.l(libinit2.o)
    0x08000202   0x00000002   Code   RO         3679    .ARM.Collect$$libinit$$00000033  c_w.l(libinit2.o)
    0x08000204   0x00000002   Code   RO         3625    .ARM.Collect$$libshutdown$$00000000  c_w.l(libshutdown.o)
    0x08000206   0x00000000   Code   RO         3681    .ARM.Collect$$libshutdown$$00000002  c_w.l(libshutdown2.o)
    0x08000206   0x00000000   Code   RO         3683    .ARM.Collect$$libshutdown$$00000004  c_w.l(libshutdown2.o)
    0x08000206   0x00000000   Code   RO         3686    .ARM.Collect$$libshutdown$$00000007  c_w.l(libshutdown2.o)
    0x08000206   0x00000000   Code   RO         3689    .ARM.Collect$$libshutdown$$0000000A  c_w.l(libshutdown2.o)
    0x08000206   0x00000000   Code   RO         3691    .ARM.Collect$$libshutdown$$0000000C  c_w.l(libshutdown2.o)
    0x08000206   0x00000000   Code   RO         3694    .ARM.Collect$$libshutdown$$0000000F  c_w.l(libshutdown2.o)
    0x08000206   0x00000002   Code   RO         3695    .ARM.Collect$$libshutdown$$00000010  c_w.l(libshutdown2.o)
    0x08000208   0x00000000   Code   RO         3579    .ARM.Collect$$rtentry$$00000000  c_w.l(__rtentry.o)
    0x08000208   0x00000000   Code   RO         3587    .ARM.Collect$$rtentry$$00000002  c_w.l(__rtentry2.o)
    0x08000208   0x00000006   Code   RO         3599    .ARM.Collect$$rtentry$$00000004  c_w.l(__rtentry4.o)
    0x0800020e   0x00000000   Code   RO         3589    .ARM.Collect$$rtentry$$00000009  c_w.l(__rtentry2.o)
    0x0800020e   0x00000004   Code   RO         3590    .ARM.Collect$$rtentry$$0000000A  c_w.l(__rtentry2.o)
    0x08000212   0x00000008   Code   RO         3591    .ARM.Collect$$rtentry$$0000000B  c_w.l(__rtentry2.o)
    0x0800021a   0x00000008   Code   RO         3593    .ARM.Collect$$rtentry$$0000000D  c_w.l(__rtentry2.o)
    0x08000222   0x00000002   Code   RO         3580    .ARM.Collect$$rtexit$$00000000  c_w.l(rtexit.o)
    0x08000224   0x00000000   Code   RO         3602    .ARM.Collect$$rtexit$$00000002  c_w.l(rtexit2.o)
    0x08000224   0x00000004   Code   RO         3603    .ARM.Collect$$rtexit$$00000003  c_w.l(rtexit2.o)
    0x08000228   0x00000006   Code   RO         3604    .ARM.Collect$$rtexit$$00000004  c_w.l(rtexit2.o)
    0x0800022e   0x00000002   PAD
    0x08000230   0x0000001c   Code   RO          342    .emb_text           rtx_conf_cm.o
    0x0800024c   0x00000198   Code   RO         3553    .emb_text           RTX_CM4.lib(hal_cm4.o)
    0x080003e4   0x00000040   Code   RO         2306  * .text               startup_stm32f407xx.o
    0x08000424   0x00000008   Code   RO         3568    .text               c_w.l(libspace.o)
    0x0800042c   0x00000012   Code   RO         3573    .text               c_w.l(exit.o)
    0x0800043e   0x00000006   Code   RO         3575    .text               c_w.l(heapauxi.o)
    0x08000444   0x0000000c   Code   RO         3610    .text               c_w.l(sys_exit.o)
    0x08000450   0x0000004a   Code   RO         3612    .text               c_w.l(sys_stackheap_outer.o)
    0x0800049a   0x00000002   Code   RO         3626    .text               c_w.l(use_no_semi.o)
    0x0800049c   0x00000000   Code   RO         3628    .text               c_w.l(indicate_semi.o)
    0x0800049c   0x00000004   Code   RO         3563    SVC_TABLE           RTX_CM4.lib(svc_table.o)
    0x080004a0   0x00000058   Code   RO          195    i.Blink_LED_Thread  thread.o
    0x080004f8   0x0000001c   Code   RO          138    i.Blue_LED          my_headers.o
    0x08000514   0x0000018c   Code   RO          196    i.Button_Thread     thread.o
    0x080006a0   0x0000001c   Code   RO          139    i.Green_LED         my_headers.o
    0x080006bc   0x00000028   Code   RO          197    i.Init_Blink_LED_Thread  thread.o
    0x080006e4   0x00000028   Code   RO          198    i.Init_Button_Thread  thread.o
    0x0800070c   0x000000c0   Code   RO          140    i.Initialise_LED_and_button  my_headers.o
    0x080007cc   0x0000001c   Code   RO          141    i.Orange_LED        my_headers.o
    0x080007e8   0x0000001c   Code   RO          142    i.Red_LED           my_headers.o
    0x08000804   0x00000154   Code   RO         2314    i.SystemInit        system_stm32f4xx.o
    0x08000958   0x00000046   Code   RO         3447    i._init_box         RTX_CM4.lib(rt_membox.o)
    0x0800099e   0x00000002   PAD
    0x080009a0   0x00000020   Code   RO          344    i._mutex_acquire    rtx_conf_cm.o
    0x080009c0   0x0000001c   Code   RO          346    i._mutex_release    rtx_conf_cm.o
    0x080009dc   0x00000030   Code   RO         3500    i.dbg_init          RTX_CM4.lib(hal_cm.o)
    0x08000a0c   0x00000020   Code   RO         3501    i.dbg_task_notify   RTX_CM4.lib(hal_cm.o)
    0x08000a2c   0x00000010   Code   RO         3502    i.dbg_task_switch   RTX_CM4.lib(hal_cm.o)
    0x08000a3c   0x0000002a   Code   RO         2350    i.isrMessageGet     RTX_CM4.lib(rt_cmsis.o)
    0x08000a66   0x0000002c   Code   RO         2351    i.isrMessagePut     RTX_CM4.lib(rt_cmsis.o)
    0x08000a92   0x00000024   Code   RO         2353    i.isrSignalSet      RTX_CM4.lib(rt_cmsis.o)
    0x08000ab6   0x00000002   PAD
    0x08000ab8   0x00000028   Code   RO         3184    i.isr_evt_set       RTX_CM4.lib(rt_event.o)
    0x08000ae0   0x00000052   Code   RO         3302    i.isr_mbx_receive   RTX_CM4.lib(rt_mailbox.o)
    0x08000b32   0x0000000e   Code   RO         3303    i.isr_mbx_send      RTX_CM4.lib(rt_mailbox.o)
    0x08000b40   0x00000018   Code   RO            4    i.main              main.o
    0x08000b58   0x00000018   Code   RO         2354    i.osDelay           RTX_CM4.lib(rt_cmsis.o)
    0x08000b70   0x00000024   Code   RO         2355    i.osKernelInitialize  RTX_CM4.lib(rt_cmsis.o)
    0x08000b94   0x0000006c   Code   RO         2357    i.osKernelStart     RTX_CM4.lib(rt_cmsis.o)
    0x08000c00   0x00000018   Code   RO         2366    i.osMessageGet      RTX_CM4.lib(rt_cmsis.o)
    0x08000c18   0x00000018   Code   RO         2381    i.osSignalSet       RTX_CM4.lib(rt_cmsis.o)
    0x08000c30   0x00000018   Code   RO         2382    i.osSignalWait      RTX_CM4.lib(rt_cmsis.o)
    0x08000c48   0x00000030   Code   RO         2383    i.osThreadCreate    RTX_CM4.lib(rt_cmsis.o)
    0x08000c78   0x00000018   Code   RO         2384    i.osThreadExit      RTX_CM4.lib(rt_cmsis.o)
    0x08000c90   0x00000018   Code   RO         2389    i.osThreadYield     RTX_CM4.lib(rt_cmsis.o)
    0x08000ca8   0x0000000c   Code   RO         2390    i.osTimerCall       RTX_CM4.lib(rt_cmsis.o)
    0x08000cb4   0x0000002c   Code   RO         2395    i.osTimerThread     RTX_CM4.lib(rt_cmsis.o)
    0x08000ce0   0x00000022   Code   RO          347    i.os_error          rtx_conf_cm.o
    0x08000d02   0x00000004   Code   RO          348    i.os_idle_demon     rtx_conf_cm.o
    0x08000d06   0x00000002   PAD
    0x08000d08   0x00000028   Code   RO         3094    i.os_tick_init      RTX_CM4.lib(rt_system.o)
    0x08000d30   0x00000002   Code   RO         3095    i.os_tick_irqack    RTX_CM4.lib(rt_system.o)
    0x08000d32   0x0000001a   Code   RO         3448    i.rt_alloc_box      RTX_CM4.lib(rt_membox.o)
    0x08000d4c   0x0000003e   Code   RO         3476    i.rt_alloc_mem      RTX_CM4.lib(rt_memory.o)
    0x08000d8a   0x00000002   PAD
    0x08000d8c   0x00000038   Code   RO         2975    i.rt_block          RTX_CM4.lib(rt_task.o)
    0x08000dc4   0x00000048   Code   RO         3425    i.rt_chk_robin      RTX_CM4.lib(rt_robin.o)
    0x08000e0c   0x00000070   Code   RO         3226    i.rt_dec_dly        RTX_CM4.lib(rt_list.o)
    0x08000e7c   0x00000044   Code   RO         2976    i.rt_dispatch       RTX_CM4.lib(rt_task.o)
    0x08000ec0   0x00000006   Code   RO         3392    i.rt_dly_wait       RTX_CM4.lib(rt_time.o)
    0x08000ec6   0x00000002   PAD
    0x08000ec8   0x00000050   Code   RO         3187    i.rt_evt_psh        RTX_CM4.lib(rt_event.o)
    0x08000f18   0x0000005c   Code   RO         3188    i.rt_evt_set        RTX_CM4.lib(rt_event.o)
    0x08000f74   0x0000003c   Code   RO         3189    i.rt_evt_wait       RTX_CM4.lib(rt_event.o)
    0x08000fb0   0x0000002c   Code   RO         3449    i.rt_free_box       RTX_CM4.lib(rt_membox.o)
    0x08000fdc   0x00000028   Code   RO         3477    i.rt_free_mem       RTX_CM4.lib(rt_memory.o)
    0x08001004   0x00000028   Code   RO         3227    i.rt_get_first      RTX_CM4.lib(rt_list.o)
    0x0800102c   0x00000024   Code   RO         3228    i.rt_get_same_rdy_prio  RTX_CM4.lib(rt_list.o)
    0x08001050   0x00000008   Code   RO         2400    i.rt_id2obj         RTX_CM4.lib(rt_cmsis.o)
    0x08001058   0x00000048   Code   RO         2977    i.rt_init_context   RTX_CM4.lib(rt_task.o)
    0x080010a0   0x0000001a   Code   RO         3478    i.rt_init_mem       RTX_CM4.lib(rt_memory.o)
    0x080010ba   0x00000002   PAD
    0x080010bc   0x00000018   Code   RO         3426    i.rt_init_robin     RTX_CM4.lib(rt_robin.o)
    0x080010d4   0x00000080   Code   RO         3503    i.rt_init_stack     RTX_CM4.lib(hal_cm.o)
    0x08001154   0x00000008   Code   RO         3304    i.rt_mbx_check      RTX_CM4.lib(rt_mailbox.o)
    0x0800115c   0x0000001a   Code   RO         3305    i.rt_mbx_init       RTX_CM4.lib(rt_mailbox.o)
    0x08001176   0x00000002   PAD
    0x08001178   0x000000f0   Code   RO         3306    i.rt_mbx_psh        RTX_CM4.lib(rt_mailbox.o)
    0x08001268   0x000000b4   Code   RO         3308    i.rt_mbx_wait       RTX_CM4.lib(rt_mailbox.o)
    0x0800131c   0x00000044   Code   RO         2401    i.rt_ms2tick        RTX_CM4.lib(rt_cmsis.o)
    0x08001360   0x000000d8   Code   RO         3061    i.rt_mut_release    RTX_CM4.lib(rt_mutex.o)
    0x08001438   0x00000068   Code   RO         3062    i.rt_mut_wait       RTX_CM4.lib(rt_mutex.o)
    0x080014a0   0x0000007c   Code   RO         3098    i.rt_pop_req        RTX_CM4.lib(rt_system.o)
    0x0800151c   0x00000020   Code   RO         3099    i.rt_psh_req        RTX_CM4.lib(rt_system.o)
    0x0800153c   0x0000005c   Code   RO         3229    i.rt_psq_enq        RTX_CM4.lib(rt_list.o)
    0x08001598   0x00000048   Code   RO         3230    i.rt_put_dly        RTX_CM4.lib(rt_list.o)
    0x080015e0   0x00000036   Code   RO         3231    i.rt_put_prio       RTX_CM4.lib(rt_list.o)
    0x08001616   0x00000002   PAD
    0x08001618   0x00000014   Code   RO         3232    i.rt_put_rdy_first  RTX_CM4.lib(rt_list.o)
    0x0800162c   0x00000034   Code   RO         3233    i.rt_resort_prio    RTX_CM4.lib(rt_list.o)
    0x08001660   0x00000010   Code   RO         3504    i.rt_ret_regs       RTX_CM4.lib(hal_cm.o)
    0x08001670   0x0000000c   Code   RO         3505    i.rt_ret_val        RTX_CM4.lib(hal_cm.o)
    0x0800167c   0x00000010   Code   RO         3506    i.rt_ret_val2       RTX_CM4.lib(hal_cm.o)
    0x0800168c   0x00000028   Code   RO         3234    i.rt_rmv_dly        RTX_CM4.lib(rt_list.o)
    0x080016b4   0x00000030   Code   RO         3235    i.rt_rmv_list       RTX_CM4.lib(rt_list.o)
    0x080016e4   0x00000034   Code   RO         3353    i.rt_sem_psh        RTX_CM4.lib(rt_semaphore.o)
    0x08001718   0x00000024   Code   RO         3101    i.rt_stk_check      RTX_CM4.lib(rt_system.o)
    0x0800173c   0x00000028   Code   RO         2978    i.rt_switch_req     RTX_CM4.lib(rt_task.o)
    0x08001764   0x000000cc   Code   RO         2979    i.rt_sys_init       RTX_CM4.lib(rt_task.o)
    0x08001830   0x00000078   Code   RO         2980    i.rt_sys_start      RTX_CM4.lib(rt_task.o)
    0x080018a8   0x00000040   Code   RO         3103    i.rt_systick        RTX_CM4.lib(rt_system.o)
    0x080018e8   0x00000012   Code   RO         2402    i.rt_tid2ptcb       RTX_CM4.lib(rt_cmsis.o)
    0x080018fa   0x00000002   PAD
    0x080018fc   0x00000034   Code   RO         2403    i.rt_timer_insert   RTX_CM4.lib(rt_cmsis.o)
    0x08001930   0x00000088   Code   RO         2981    i.rt_tsk_create     RTX_CM4.lib(rt_task.o)
    0x080019b8   0x0000017c   Code   RO         2982    i.rt_tsk_delete     RTX_CM4.lib(rt_task.o)
    0x08001b34   0x00000030   Code   RO         2983    i.rt_tsk_pass       RTX_CM4.lib(rt_task.o)
    0x08001b64   0x0000007c   Code   RO         2984    i.rt_tsk_prio       RTX_CM4.lib(rt_task.o)
    0x08001be0   0x00000010   Code   RO         2985    i.rt_tsk_self       RTX_CM4.lib(rt_task.o)
    0x08001bf0   0x00000012   Code   RO         2405    i.svcDelay          RTX_CM4.lib(rt_cmsis.o)
    0x08001c02   0x00000002   PAD
    0x08001c04   0x00000070   Code   RO         2406    i.svcKernelInitialize  RTX_CM4.lib(rt_cmsis.o)
    0x08001c74   0x00000048   Code   RO         2408    i.svcKernelStart    RTX_CM4.lib(rt_cmsis.o)
    0x08001cbc   0x00000024   Code   RO         2411    i.svcMessageCreate  RTX_CM4.lib(rt_cmsis.o)
    0x08001ce0   0x0000003a   Code   RO         2412    i.svcMessageGet     RTX_CM4.lib(rt_cmsis.o)
    0x08001d1a   0x00000024   Code   RO         2424    i.svcSignalSet      RTX_CM4.lib(rt_cmsis.o)
    0x08001d3e   0x00000002   PAD
    0x08001d40   0x00000054   Code   RO         2425    i.svcSignalWait     RTX_CM4.lib(rt_cmsis.o)
    0x08001d94   0x00000070   Code   RO         2426    i.svcThreadCreate   RTX_CM4.lib(rt_cmsis.o)
    0x08001e04   0x0000001c   Code   RO         2427    i.svcThreadGetId    RTX_CM4.lib(rt_cmsis.o)
    0x08001e20   0x00000038   Code   RO         2430    i.svcThreadTerminate  RTX_CM4.lib(rt_cmsis.o)
    0x08001e58   0x0000000a   Code   RO         2431    i.svcThreadYield    RTX_CM4.lib(rt_cmsis.o)
    0x08001e62   0x00000018   Code   RO         2432    i.svcTimerCall      RTX_CM4.lib(rt_cmsis.o)
    0x08001e7a   0x00000002   PAD
    0x08001e7c   0x0000005c   Code   RO         2441    i.sysTimerTick      RTX_CM4.lib(rt_cmsis.o)
    0x08001ed8   0x0000000a   Code   RO         3702    x$fpl$fpinit        fz_wm.l(fpinit.o)
    0x08001ee2   0x00000002   PAD
    0x08001ee4   0x00000020   Data   RO          199    .constdata          thread.o
    0x08001f04   0x00000056   Data   RO          350    .constdata          rtx_conf_cm.o
    0x08001f5a   0x00000002   PAD
    0x08001f5c   0x00000020   Data   RO         3736    Region$$Table       anon$$obj.o


    Execution Region ER_RW (Base: 0x20000000, Size: 0x00000054, Max: 0xffffffff, ABSOLUTE)

    Base Addr    Size         Type   Attr      Idx    E Section Name        Object

    0x20000000   0x00000008   Data   RW          200    .data               thread.o
    0x20000008   0x00000024   Data   RW          351    .data               rtx_conf_cm.o
    0x2000002c   0x00000008   Data   RW         2444    .data               RTX_CM4.lib(rt_cmsis.o)
    0x20000034   0x00000008   Data   RW         2987    .data               RTX_CM4.lib(rt_task.o)
    0x2000003c   0x00000008   Data   RW         3106    .data               RTX_CM4.lib(rt_system.o)
    0x20000044   0x00000004   Data   RW         3396    .data               RTX_CM4.lib(rt_time.o)
    0x20000048   0x00000008   Data   RW         3427    .data               RTX_CM4.lib(rt_robin.o)
    0x20000050   0x00000001   Data   RW         3507    .data               RTX_CM4.lib(hal_cm.o)


    Execution Region ER_ZI (Base: 0x20000054, Size: 0x00001294, Max: 0xffffffff, ABSOLUTE)

    Base Addr    Size         Type   Attr      Idx    E Section Name        Object

    0x20000054   0x00000004   PAD
    0x20000058   0x00000bc8   Zero   RW          349    .bss                rtx_conf_cm.o
    0x20000c20   0x00000034   Zero   RW         2986    .bss                RTX_CM4.lib(rt_task.o)
    0x20000c54   0x00000030   Zero   RW         3236    .bss                RTX_CM4.lib(rt_list.o)
    0x20000c84   0x00000060   Zero   RW         3569    .bss                c_w.l(libspace.o)
    0x20000ce4   0x00000004   PAD
    0x20000ce8   0x00000200   Zero   RW         2304    HEAP                startup_stm32f407xx.o
    0x20000ee8   0x00000400   Zero   RW         2303    STACK               startup_stm32f407xx.o


==============================================================================

Image component sizes


      Code (inc. data)   RO Data    RW Data    ZI Data      Debug   Object Name

        24          0          0          0          0       8989   main.o
       304         40          0          0          0       2310   my_headers.o
       126         26         86         36       3016       9135   rtx_conf_cm.o
        64         26        392          0       1536        844   startup_stm32f407xx.o
       340         26          0          0          0        605   system_stm32f4xx.o
       564         40         32          8          0       3096   thread.o

    ----------------------------------------------------------------------
      1424        158        544         44       4552      24979   Object Totals
         0          0         32          0          0          0   (incl. Generated)
         2          0          2          0          0          0   (incl. Padding)

    ----------------------------------------------------------------------

      Code (inc. data)   RO Data    RW Data    ZI Data      Debug   Library Member Name

       268         24          0          1          0       4452   hal_cm.o
       408         34          0          0          0        816   hal_cm4.o
      1398        168          0          8          0      39679   rt_cmsis.o
       272         18          0          0          0       2810   rt_event.o
       566         44          0          0         48       9176   rt_list.o
       550         10          0          0          0       4185   rt_mailbox.o
       140          0          0          0          0       2045   rt_membox.o
       128          0          0          0          0       2419   rt_memory.o
       320         12          0          0          0       1699   rt_mutex.o
        96         22          0          8          0       1230   rt_robin.o
        52          4          0          0          0        613   rt_semaphore.o
       298         52          0          8          0       6439   rt_system.o
      1264        184          0          8         52      10563   rt_task.o
         6          0          0          4          0        684   rt_time.o
         4          4          0          0          0        200   svc_table.o
         8          0          0          0          0         68   __main.o
         0          0          0          0          0          0   __rtentry.o
        20          0          0          0          0          0   __rtentry2.o
         6          0          0          0          0          0   __rtentry4.o
        52          8          0          0          0          0   __scatter.o
        26          0          0          0          0          0   __scatter_copy.o
        28          0          0          0          0          0   __scatter_zi.o
        18          0          0          0          0         80   exit.o
         6          0          0          0          0        152   heapauxi.o
         0          0          0          0          0          0   indicate_semi.o
         2          0          0          0          0          0   libinit.o
         6          0          0          0          0          0   libinit2.o
         2          0          0          0          0          0   libshutdown.o
         2          0          0          0          0          0   libshutdown2.o
         8          4          0          0         96         68   libspace.o
         2          0          0          0          0          0   rtexit.o
        10          0          0          0          0          0   rtexit2.o
        12          4          0          0          0         68   sys_exit.o
        74          0          0          0          0         80   sys_stackheap_outer.o
         2          0          0          0          0         68   use_no_semi.o
        10          0          0          0          0        116   fpinit.o

    ----------------------------------------------------------------------
      6092        592          0         40        204      87710   Library Totals
        28          0          0          3          8          0   (incl. Padding)

    ----------------------------------------------------------------------

      Code (inc. data)   RO Data    RW Data    ZI Data      Debug   Library Name

      5770        576          0         37        100      87010   RTX_CM4.lib
       284         16          0          0         96        584   c_w.l
        10          0          0          0          0        116   fz_wm.l

    ----------------------------------------------------------------------
      6092        592          0         40        204      87710   Library Totals

    ----------------------------------------------------------------------

==============================================================================


      Code (inc. data)   RO Data    RW Data    ZI Data      Debug   

      7516        750        544         84       4756     103133   Grand Totals
      7516        750        544         84       4756     103133   ELF Image Totals
      7516        750        544         84          0          0   ROM Totals

==============================================================================

    Total RO  Size (Code + RO Data)                 8060 (   7.87kB)
    Total RW  Size (RW Data + ZI Data)              4840 (   4.73kB)
    Total ROM Size (Code + RO Data + RW Data)       8144 (   7.95kB)

==============================================================================

